 PhysXCooking_64

 Timestamp is 619d1ce3 (Wed Nov 24 01:54:59 2021)

 Preferred load address is 0000000180000000

 Start         Length     Name                   Class
 0001:00000000 00000640H .text$di                CODE
 0001:00000640 00026b50H .text$mn                CODE
 0001:00027190 00000012H .text$mn$00             CODE
 0001:000271a2 00000081H .text$x                 CODE
 0002:00000000 000001a8H .idata$5                DATA
 0002:000001a8 00000010H .00cfg                  DATA
 0002:000001b8 00000008H .CRT$XCA                DATA
 0002:000001c0 000001e0H .CRT$XCU                DATA
 0002:000003a0 00000008H .CRT$XCZ                DATA
 0002:000003a8 00000008H .CRT$XIA                DATA
 0002:000003b0 00000008H .CRT$XIZ                DATA
 0002:000003b8 00000008H .CRT$XPA                DATA
 0002:000003c0 00000008H .CRT$XPZ                DATA
 0002:000003c8 00000008H .CRT$XTA                DATA
 0002:000003d0 00000010H .CRT$XTZ                DATA
 0002:000003e0 00001df8H .rdata                  DATA
 0002:000021d8 00000074H .rdata$r                DATA
 0002:0000224c 000003acH .rdata$zzzdbg           DATA
 0002:000025f8 00000008H .rtc$IAA                DATA
 0002:00002600 00000008H .rtc$IZZ                DATA
 0002:00002608 00000008H .rtc$TAA                DATA
 0002:00002610 00000008H .rtc$TZZ                DATA
 0002:00002618 00002aecH .xdata                  DATA
 0002:00005104 00000040H .didat$2                DATA
 0002:00005144 00000024H .didat$3                DATA
 0002:00005168 00000188H .didat$4                DATA
 0002:000052f0 00000950H .didat$6                DATA
 0002:00005c40 00000190H .didat$7                DATA
 0002:00005dd0 00001d00H .edata                  DATA
 0002:00007ad0 00000078H .idata$2                DATA
 0002:00007b48 00000018H .idata$3                DATA
 0002:00007b60 000001a8H .idata$4                DATA
 0002:00007d08 00000416H .idata$6                DATA
 0003:00000000 00000060H .data                   DATA
 0003:00000060 000005b8H .data$r                 DATA
 0003:00000618 00000188H .didat$5                DATA
 0003:000007a0 00000490H .bss                    DATA
 0004:00000000 00001ea8H .pdata                  DATA
 0005:00000000 00000014H .gfids$y                DATA
 0006:00000000 000000a0H .rsrc$01                DATA
 0006:000000a0 000004b0H .rsrc$02                DATA

  Address         Publics by Value              Rva+Base               Lib:Object

 0000:00000000       __guard_fids_count         0000000000000000     <absolute>
 0000:00000000       ___safe_se_handler_table   0000000000000000     <absolute>
 0000:00000000       __guard_longjmp_table      0000000000000000     <absolute>
 0000:00000000       ___safe_se_handler_count   0000000000000000     <absolute>
 0000:00000000       __guard_iat_count          0000000000000000     <absolute>
 0000:00000000       __guard_longjmp_count      0000000000000000     <absolute>
 0000:00000000       __dynamic_value_reloc_table 0000000000000000     <absolute>
 0000:00000000       __guard_iat_table          0000000000000000     <absolute>
 0000:00000000       __guard_fids_table         0000000000000000     <absolute>
 0000:00000100       __guard_flags              0000000000000100     <absolute>
 0000:00000000       __ImageBase                0000000180000000     <linker-defined>
 0001:00000640       ??0AdjacenciesBuilder@physx@@QEAA@XZ 0000000180001640 f   Adjacencies.obj
 0001:00000650       ??0PxFoundation@physx@@QEAA@AEBV01@@Z 0000000180001650 f i Adjacencies.obj
 0001:00000650       ??0PxFoundation@physx@@QEAA@XZ 0000000180001650 f i Adjacencies.obj
 0001:00000660       ??1Adjacencies@physx@@QEAA@XZ 0000000180001660 f   Adjacencies.obj
 0001:000006d0       ??1AdjacenciesBuilder@physx@@QEAA@XZ 00000001800016d0 f   Adjacencies.obj
 0001:000006e0       ??1PxFoundation@physx@@MEAA@XZ 00000001800016e0 f i Adjacencies.obj
 0001:000006f0       ??_EPxFoundation@physx@@MEAAPEAXI@Z 00000001800016f0 f i Adjacencies.obj
 0001:00000880       ?ComputeNbBoundaryEdges@Adjacencies@physx@@QEBAIXZ 0000000180001880 f   Adjacencies.obj
 0001:00000b60       ?GetNbHits@RadixSort@Cm@physx@@QEBAIXZ 0000000180001b60 f i Adjacencies.obj
 0001:00000b70       ?GetNbTotalCalls@RadixSort@Cm@physx@@QEBAIXZ 0000000180001b70 f i Adjacencies.obj
 0001:00000b80       ?GetRanks@RadixSort@Cm@physx@@QEBAPEBIXZ 0000000180001b80 f i Adjacencies.obj
 0001:00000b80       ?getErrorCallback@Foundation@shdfnd@physx@@UEAAAEAVPxErrorCallback@3@XZ 0000000180001b80 f i Adjacencies.obj
 0001:00000b90       ?Init@AdjacenciesBuilder@physx@@QEAA_NAEBUADJACENCIESCREATE@2@@Z 0000000180001b90 f   Adjacencies.obj
 0001:00001160       ?getAllocator@Foundation@shdfnd@physx@@QEAAAEAVPxAllocatorCallback@3@XZ 0000000180002160 f i Adjacencies.obj
 0001:00001170       ?getAllocatorCallback@Foundation@shdfnd@physx@@UEAAAEAVPxAllocatorCallback@3@XZ 0000000180002170 f i Adjacencies.obj
 0001:00001180       ?getErrorLevel@Foundation@shdfnd@physx@@UEBA?AW4Enum@PxErrorCode@3@XZ 0000000180002180 f i Adjacencies.obj
 0001:00001190       ?getInternalErrorCallback@Foundation@shdfnd@physx@@QEAAAEAVPxErrorCallback@3@XZ 0000000180002190 f i Adjacencies.obj
 0001:000011a0       ?getNamedAllocMap@Foundation@shdfnd@physx@@QEAAAEAV?$HashMap@PEBVNamedAllocator@shdfnd@physx@@PEBDU?$Hash@PEBVNamedAllocator@shdfnd@physx@@@23@VNonTrackingAllocator@23@@23@XZ 00000001800021a0 f i Adjacencies.obj
 0001:000011b0       ?getNamedAllocMutex@Foundation@shdfnd@physx@@QEAAAEAV?$MutexT@VAllocator@shdfnd@physx@@@23@XZ 00000001800021b0 f i Adjacencies.obj
 0001:000011c0       ?getReportAllocationNames@Foundation@shdfnd@physx@@UEBA_NXZ 00000001800021c0 f i Adjacencies.obj
 0001:000011d0       ?getTempAllocFreeTable@Foundation@shdfnd@physx@@QEAAAEAV?$Array@PEATTempAllocatorChunk@shdfnd@physx@@VAllocator@23@@23@XZ 00000001800021d0 f i Adjacencies.obj
 0001:000011e0       ?getTempAllocMutex@Foundation@shdfnd@physx@@QEAAAEAV?$MutexT@VAllocator@shdfnd@physx@@@23@XZ 00000001800021e0 f i Adjacencies.obj
 0001:000011f0       ?invalidateRanks@RadixSort@Cm@physx@@QEAAXXZ 00000001800021f0 f i Adjacencies.obj
 0001:00001200       ?setErrorLevel@Foundation@shdfnd@physx@@UEAAXW4Enum@PxErrorCode@3@@Z 0000000180002200 f i Adjacencies.obj
 0001:00001210       ?setReportAllocationNames@Foundation@shdfnd@physx@@UEAAX_N@Z 0000000180002210 f i Adjacencies.obj
 0001:00001220       ??0DebugText@Cm@physx@@QEAA@AEBU012@@Z 0000000180002220 f i Cooking.obj
 0001:00001220       ??0DebugText@Cm@physx@@QEAA@$$QEAU012@@Z 0000000180002220 f i Cooking.obj
 0001:00001300       ??4PxFoundation@physx@@QEAAAEAV01@AEBV01@@Z 0000000180002300 f i Adjacencies.obj
 0001:00001300       ?getPaddedBounds@HeightFieldData@Gu@physx@@QEBAAEBVCenterExtentsPadded@23@XZ 0000000180002300 f i Cooking.obj
 0001:00001300       ??4Allocator@shdfnd@physx@@QEAAAEAV012@AEBV012@@Z 0000000180002300 f i Adjacencies.obj
 0001:00001300       ??0Allocator@shdfnd@physx@@QEAA@PEBD@Z 0000000180002300 f i Adjacencies.obj
 0001:00001300       ??0AABBTreeBuildNode@Gu@physx@@QEAA@XZ 0000000180002300 f i BVHStructureBuilder.obj
 0001:00001300       ??0BigConvexData@physx@@QEAA@W4PxEMPTY@1@@Z 0000000180002300 f i BigConvexDataBuilder.obj
 0001:00001300       ??0HeightFieldData@Gu@physx@@QEAA@W4PxEMPTY@2@@Z 0000000180002300 f i Cooking.obj
 0001:00001300       ?getAABB@AABBTreeBuildNode@Gu@physx@@QEBAAEBVPxBounds3@3@XZ 0000000180002300 f i BVHStructureBuilder.obj
 0001:00001300       ??4Allocator@shdfnd@physx@@QEAAAEAV012@$$QEAV012@@Z 0000000180002300 f i Adjacencies.obj
 0001:00001300       ??4MutexImpl@shdfnd@physx@@QEAAAEAV012@AEBV012@@Z 0000000180002300 f i Adjacencies.obj
 0001:00001300       ??0Box@Gu@physx@@QEAA@XZ   0000000180002300 f i ConvexHullUtils.obj
 0001:00001310       ??0HeightFieldData@Gu@physx@@QEAA@XZ 0000000180002310 f i Cooking.obj
 0001:00001320       ??0RenderOutput@Cm@physx@@QEAA@AEAVRenderBuffer@12@@Z 0000000180002320 f i Cooking.obj
 0001:00001370       ??0RenderOutput@Cm@physx@@QEAA@AEBV012@@Z 0000000180002370 f i Cooking.obj
 0001:00001410       ??1PxHeightField@physx@@MEAA@XZ 0000000180002410 f i Cooking.obj
 0001:00001410       ??1PxConvexMesh@physx@@MEAA@XZ 0000000180002410 f i Cooking.obj
 0001:00001420       ??4DebugText@Cm@physx@@QEAAAEAU012@AEBU012@@Z 0000000180002420 f i Cooking.obj
 0001:00001420       ??4DebugText@Cm@physx@@QEAAAEAU012@$$QEAU012@@Z 0000000180002420 f i Cooking.obj
 0001:00001490       ??4FPUGuard@shdfnd@physx@@QEAAAEAV012@AEBV012@@Z 0000000180002490 f i Cooking.obj
 0001:000014b0       ??0HeightFieldData@Gu@physx@@QEAA@$$QEAU012@@Z 00000001800024b0 f i Cooking.obj
 0001:000014b0       ??0HeightFieldData@Gu@physx@@QEAA@AEBU012@@Z 00000001800024b0 f i Cooking.obj
 0001:000014b0       ??4HeightFieldData@Gu@physx@@QEAAAEAU012@AEBU012@@Z 00000001800024b0 f i Cooking.obj
 0001:000014b0       ??4HeightFieldData@Gu@physx@@QEAAAEAU012@$$QEAU012@@Z 00000001800024b0 f i Cooking.obj
 0001:00001510       ??_GCooking@physx@@UEAAPEAXI@Z 0000000180002510 f i Cooking.obj
 0001:00001510       ??_ECooking@physx@@UEAAPEAXI@Z 0000000180002510 f i Cooking.obj
 0001:00001560       ??_EPxBase@physx@@MEAAPEAXI@Z 0000000180002560 f i Cooking.obj
 0001:00001560       ??_GPxBase@physx@@MEAAPEAXI@Z 0000000180002560 f i Cooking.obj
 0001:00001590       ??_GPxCooking@physx@@MEAAPEAXI@Z 0000000180002590 f i Cooking.obj
 0001:00001590       ??_EPxCooking@physx@@MEAAPEAXI@Z 0000000180002590 f i Cooking.obj
 0001:000015c0       ?allocate@?$ReflectionAllocator@UPxDebugLine@physx@@@shdfnd@physx@@QEAAPEAX_KPEBDH@Z 00000001800025c0 f i Cooking.obj
 0001:00001660       ?computeHullPolygons@Cooking@physx@@UEBA_NAEBVPxSimpleTriangleMesh@2@AEAVPxAllocatorCallback@2@AEAIAEAPEAVPxVec3@2@2AEAPEAI2AEAPEAUPxHullPolygon@2@@Z 0000000180002660 f   Cooking.obj
 0001:00001840       ?cookBVHStructure@Cooking@physx@@UEBA_NAEBVPxBVHStructureDesc@2@AEAVPxOutputStream@2@@Z 0000000180002840 f   Cooking.obj
 0001:000018f0       ?cookConvexMesh@Cooking@physx@@UEBA_NAEBVPxConvexMeshDesc@2@AEAVPxOutputStream@2@PEAW4Enum@PxConvexMeshCookingResult@2@@Z 00000001800028f0 f   Cooking.obj
 0001:00001ad0       ?cookConvexMeshInternal@Cooking@physx@@AEBA_NAEBVPxConvexMeshDesc@2@AEAVConvexMeshBuilder@2@PEAVConvexHullLib@2@PEAW4Enum@PxConvexMeshCookingResult@2@@Z 0000000180002ad0 f   Cooking.obj
 0001:00001cc0       ?cookHeightField@Cooking@physx@@UEBA_NAEBVPxHeightFieldDesc@2@AEAVPxOutputStream@2@@Z 0000000180002cc0 f   Cooking.obj
 0001:00001dc0       ?cookTriangleMesh@Cooking@physx@@UEBA_NAEBVPxTriangleMeshDesc@2@AEAVPxOutputStream@2@PEAW4Enum@PxTriangleMeshCookingResult@2@@Z 0000000180002dc0 f   Cooking.obj
 0001:00001f20       ?copy@?$Array@UPxDebugLine@physx@@V?$ReflectionAllocator@UPxDebugLine@physx@@@shdfnd@2@@shdfnd@physx@@KAXPEAUPxDebugLine@3@0PEBU43@@Z 0000000180002f20 f i Cooking.obj
 0001:000020c0       ?createBVHStructure@Cooking@physx@@UEBAPEAVPxBVHStructure@2@AEBVPxBVHStructureDesc@2@AEAVPxPhysicsInsertionCallback@2@@Z 00000001800030c0 f   Cooking.obj
 0001:00002170       ?createConvexMesh@Cooking@physx@@UEBAPEAVPxConvexMesh@2@AEBVPxConvexMeshDesc@2@AEAVPxPhysicsInsertionCallback@2@PEAW4Enum@PxConvexMeshCookingResult@2@@Z 0000000180003170 f   Cooking.obj
 0001:00002360       ?createHeightField@Cooking@physx@@UEBAPEAVPxHeightField@2@AEBVPxHeightFieldDesc@2@AEAVPxPhysicsInsertionCallback@2@@Z 0000000180003360 f   Cooking.obj
 0001:000024c0       ?createTriangleMesh@Cooking@physx@@UEBAPEAVPxTriangleMesh@2@AEBVPxTriangleMeshDesc@2@AEAVPxPhysicsInsertionCallback@2@PEAW4Enum@PxTriangleMeshCookingResult@2@@Z 00000001800034c0 f   Cooking.obj
 0001:00002610       ?getConcreteTypeName@PxConvexMesh@physx@@UEBAPEBDXZ 0000000180003610 f i Cooking.obj
 0001:00002620       ?getConcreteTypeName@PxHeightField@physx@@UEBAPEBDXZ 0000000180003620 f i Cooking.obj
 0001:00002630       ?getConvexEdgeThreshold@HeightField@Gu@physx@@UEBAMXZ 0000000180003630 f i Cooking.obj
 0001:00002640       ?getFlags@HeightField@Gu@physx@@UEBA?AV?$PxFlags@W4Enum@PxHeightFieldFlag@physx@@G@3@XZ 0000000180003640 f i Cooking.obj
 0001:00002650       ?getFormat@HeightField@Gu@physx@@UEBA?AW4Enum@PxHeightFieldFormat@3@XZ 0000000180003650 f i Cooking.obj
 0001:00002660       ?getHeight@HeightField@Gu@physx@@UEBAMMM@Z 0000000180003660 f i Cooking.obj
 0001:000026a0       ?getHeightInternal2@HeightField@Gu@physx@@QEBAMIMM@Z 00000001800036a0 f i Cooking.obj
 0001:00002810       ?getIndexBuffer@ConvexMesh@Gu@physx@@UEBAPEBEXZ 0000000180003810 f i Cooking.obj
 0001:00002850       ?getNbColumns@HeightField@Gu@physx@@UEBAIXZ 0000000180003850 f i Cooking.obj
 0001:00002860       ?getNbPolygons@ConvexMesh@Gu@physx@@UEBAIXZ 0000000180003860 f i Cooking.obj
 0001:00002870       ?getNbRows@HeightField@Gu@physx@@UEBAIXZ 0000000180003870 f i Cooking.obj
 0001:00002880       ?getNbVertices@ConvexMesh@Gu@physx@@UEBAIXZ 0000000180003880 f i Cooking.obj
 0001:00002890       ?getDenormalizeScale@QuantizerImpl@@UEBAAEBVPxVec3@physx@@XZ 0000000180003890 f   Quantizer.obj
 0001:00002890       ?getParams@Cooking@physx@@UEBAAEBUPxCookingParams@2@XZ 0000000180003890 f   Cooking.obj
 0001:000028a0       ?getSample@HeightField@Gu@physx@@UEBAAEBUPxHeightFieldSample@3@II@Z 00000001800038a0 f i Cooking.obj
 0001:000028b0       ?getSampleStride@HeightField@Gu@physx@@UEBAIXZ 00000001800038b0 f i Cooking.obj
 0001:000028c0       ?getTimestamp@HeightField@Gu@physx@@UEBAIXZ 00000001800038c0 f i Cooking.obj
 0001:000028d0       ?getTriangleMaterialIndex@HeightField@Gu@physx@@UEBAGI@Z 00000001800038d0 f i Cooking.obj
 0001:00002910       ?getTriangleNormal@HeightField@Gu@physx@@UEBA?AVPxVec3@3@I@Z 0000000180003910 f i Cooking.obj
 0001:00002930       ?getTriangleNormalInternal@HeightField@Gu@physx@@QEBA?AVPxVec3@3@I@Z 0000000180003930 f i Cooking.obj
 0001:00002a90       ?getVertices@ConvexMesh@Gu@physx@@UEBAPEBVPxVec3@3@XZ 0000000180003a90 f i Cooking.obj
 0001:00002ab0       ?isKindOf@PxBase@physx@@MEBA_NPEBD@Z 0000000180003ab0 f i Cooking.obj
 0001:00002ae0       ?isKindOf@PxConvexMesh@physx@@MEBA_NPEBD@Z 0000000180003ae0 f i Cooking.obj
 0001:00002b30       ?isKindOf@PxHeightField@physx@@MEBA_NPEBD@Z 0000000180003b30 f i Cooking.obj
 0001:00002b80       ?isReleasable@PxBase@physx@@UEBA_NXZ 0000000180003b80 f i Cooking.obj
 0001:00002b90       ?isValid@PxConvexMeshDesc@physx@@QEBA_NXZ 0000000180003b90 f i Cooking.obj
 0001:00002c20       ?isValid@PxTriangleMeshDesc@physx@@QEBA_NXZ 0000000180003c20 f i Cooking.obj
 0001:00002ca0       ?outputSegment@RenderOutput@Cm@physx@@QEAAXAEBVPxVec3@3@0@Z 0000000180003ca0 f i Cooking.obj
 0001:00002d60       ?platformMismatch@Cooking@physx@@UEBA_NXZ 0000000180003d60 f   Cooking.obj
 0001:00002d70       ?preExportDataReset@ConvexMesh@Gu@physx@@QEAAXXZ 0000000180003d70 f i Cooking.obj
 0001:00002d70       ?preExportDataReset@HeightField@Gu@physx@@QEAAXXZ 0000000180003d70 f i Cooking.obj
 0001:00002d80       ?recreate@?$Array@UPxDebugLine@physx@@V?$ReflectionAllocator@UPxDebugLine@physx@@@shdfnd@2@@shdfnd@physx@@IEAAXI@Z 0000000180003d80 f i Cooking.obj
 0001:00002e10       ?release@Cooking@physx@@UEAAXXZ 0000000180003e10 f   Cooking.obj
 0001:00002e30       ?reserveSegments@RenderOutput@Cm@physx@@QEAAPEAUPxDebugLine@3@I@Z 0000000180003e30 f i Cooking.obj
 0001:00002e90       ?setParams@Cooking@physx@@UEAAXAEBUPxCookingParams@2@@Z 0000000180003e90 f   Cooking.obj
 0001:00002ef0       ?validateConvexMesh@Cooking@physx@@UEBA_NAEBVPxConvexMeshDesc@2@@Z 0000000180003ef0 f   Cooking.obj
 0001:00002f50       ?validateTriangleMesh@Cooking@physx@@UEBA_NAEBVPxTriangleMeshDesc@2@@Z 0000000180003f50 f   Cooking.obj
 0001:00003000       PxCreateCooking            0000000180004000 f   Cooking.obj
 0001:000030f0       ??0ReducedVertexCloud@physx@@QEAA@PEBVPxVec3@1@I@Z 00000001800040f0 f   CookingUtils.obj
 0001:00003110       ??1ReducedVertexCloud@physx@@QEAA@XZ 0000000180004110 f   CookingUtils.obj
 0001:00003170       ?Reduce@ReducedVertexCloud@physx@@QEAA_NPEAUREDUCEDCLOUD@2@@Z 0000000180004170 f   CookingUtils.obj
 0001:000034c0       ??0EdgeListBuilder@Gu@physx@@QEAA@XZ 00000001800044c0 f   EdgeList.obj
 0001:000034e0       ??1EdgeList@Gu@physx@@QEAA@XZ 00000001800044e0 f   EdgeList.obj
 0001:00003580       ??1EdgeListBuilder@Gu@physx@@QEAA@XZ 0000000180004580 f   EdgeList.obj
 0001:000035e0       ?computeActiveEdges@EdgeListBuilder@Gu@physx@@AEAA_NIPEBIPEBGPEBVPxVec3@3@M@Z 00000001800045e0 f   EdgeList.obj
 0001:00004b60       ?createEdgesToFaces@EdgeListBuilder@Gu@physx@@AEAA_NIPEBIPEBG@Z 0000000180005b60 f   EdgeList.obj
 0001:00004db0       ?createFacesToEdges@EdgeListBuilder@Gu@physx@@AEAA_NIPEBIPEBG@Z 0000000180005db0 f   EdgeList.obj
 0001:000052b0       ?init@EdgeListBuilder@Gu@physx@@QEAA_NAEBUEDGELISTCREATE@23@@Z 00000001800062b0 f   EdgeList.obj
 0001:000053e0       ??0MeshCleaner@physx@@QEAA@IPEBVPxVec3@1@IPEBIM@Z 00000001800063e0 f   MeshCleaner.obj
 0001:00005d70       ??1MeshCleaner@physx@@QEAA@XZ 0000000180006d70 f   MeshCleaner.obj
 0001:00005e00       ??$kmeans_cluster@VPxVec3@physx@@M@@YAIPEBVPxVec3@physx@@IIPEAV01@PEAIMM@Z 0000000180006e00 f i Quantizer.obj
 0001:000066c0       ??1QuantizerImpl@@EEAA@XZ  00000001800076c0 f i Quantizer.obj
 0001:00006740       ??_EQuantizer@physx@@MEAAPEAXI@Z 0000000180007740 f i Quantizer.obj
 0001:00006740       ??_GQuantizer@physx@@MEAAPEAXI@Z 0000000180007740 f i Quantizer.obj
 0001:00006770       ??_EQuantizerImpl@@EEAAPEAXI@Z 0000000180007770 f i Quantizer.obj
 0001:00006770       ??_GQuantizerImpl@@EEAAPEAXI@Z 0000000180007770 f i Quantizer.obj
 0001:000067d0       ?allocate@?$ReflectionAllocator@VPxVec3@physx@@@shdfnd@physx@@QEAAPEAX_KPEBDH@Z 00000001800077d0 f i Quantizer.obj
 0001:00006870       ?copy@?$Array@VPxVec3@physx@@V?$ReflectionAllocator@VPxVec3@physx@@@shdfnd@2@@shdfnd@physx@@KAXPEAVPxVec3@3@0PEBV43@@Z 0000000180007870 f i Quantizer.obj
 0001:00006960       ?createQuantizer@physx@@YAPEAVQuantizer@1@XZ 0000000180007960 f   Quantizer.obj
 0001:00006a10       ?getDenormalizeCenter@QuantizerImpl@@UEBAAEBVPxVec3@physx@@XZ 0000000180007a10 f i Quantizer.obj
 0001:00006a20       ?growAndPushBack@?$Array@VPxVec3@physx@@V?$ReflectionAllocator@VPxVec3@physx@@@shdfnd@2@@shdfnd@physx@@IEAAAEAVPxVec3@3@AEBV43@@Z 0000000180007a20 f i Quantizer.obj
 0001:00006b10       ?kmeansQuantize3D@QuantizerImpl@@UEAAPEBVPxVec3@physx@@IPEBV23@I_NIAEAI@Z 0000000180007b10 f i Quantizer.obj
 0001:00006d80       ?normalizeInput@QuantizerImpl@@AEAAXIPEBVPxVec3@physx@@I@Z 0000000180007d80 f i Quantizer.obj
 0001:00007140       ?release@QuantizerImpl@@UEAAXXZ 0000000180008140 f i Quantizer.obj
 0001:00007160       ??$?4V?$ReflectionAllocator@USlab@NodeAllocator@Gu@physx@@@shdfnd@physx@@@?$Array@USlab@NodeAllocator@Gu@physx@@V?$ReflectionAllocator@USlab@NodeAllocator@Gu@physx@@@shdfnd@4@@shdfnd@physx@@QEAAAEAV012@AEBV012@@Z 0000000180008160 f i BVHStructureBuilder.obj
 0001:000071d0       ??$copy@V?$ReflectionAllocator@USlab@NodeAllocator@Gu@physx@@@shdfnd@physx@@@?$Array@USlab@NodeAllocator@Gu@physx@@V?$ReflectionAllocator@USlab@NodeAllocator@Gu@physx@@@shdfnd@4@@shdfnd@physx@@IEAAXAEBV012@@Z 00000001800081d0 f i BVHStructureBuilder.obj
 0001:00007260       ??4AABBTreeBuildNode@Gu@physx@@QEAAAEAV012@AEBV012@@Z 0000000180008260 f i BVHStructureBuilder.obj
 0001:00007260       ??0AABBTreeBuildNode@Gu@physx@@QEAA@AEBV012@@Z 0000000180008260 f i BVHStructureBuilder.obj
 0001:000072a0       ??0AABBTreeBuildParams@Gu@physx@@QEAA@IIPEBVPxBounds3@2@@Z 00000001800082a0 f i BVHStructureBuilder.obj
 0001:000072c0       ??0BVHStructureBuilder@physx@@QEAA@XZ 00000001800082c0 f   BVHStructureBuilder.obj
 0001:000072e0       ??0BuildStats@Gu@physx@@QEAA@XZ 00000001800082e0 f i BVHStructureBuilder.obj
 0001:000072f0       ??0NodeAllocator@Gu@physx@@QEAA@AEBV012@@Z 00000001800082f0 f i BVHStructureBuilder.obj
 0001:00007330       ??1AABBTreeBuildParams@Gu@physx@@QEAA@XZ 0000000180008330 f i BVHStructureBuilder.obj
 0001:00007330       ?reset@AABBTreeBuildParams@Gu@physx@@QEAAXXZ 0000000180008330 f i BVHStructureBuilder.obj
 0001:00007390       ??1BVHStructureBuilder@physx@@QEAA@XZ 0000000180008390 f   BVHStructureBuilder.obj
 0001:00007410       ??4AABBTreeBuildParams@Gu@physx@@QEAAAEAV012@AEBV012@@Z 0000000180008410 f i BVHStructureBuilder.obj
 0001:00007430       ??4BuildStats@Gu@physx@@QEAAAEAU012@$$QEAU012@@Z 0000000180008430 f i BVHStructureBuilder.obj
 0001:00007440       ??4BuildStats@Gu@physx@@QEAAAEAU012@AEBU012@@Z 0000000180008440 f i BVHStructureBuilder.obj
 0001:00007450       ??4NodeAllocator@Gu@physx@@QEAAAEAV012@AEBV012@@Z 0000000180008450 f i BVHStructureBuilder.obj
 0001:00007490       ??_FAABBTreeBuildParams@Gu@physx@@QEAAXXZ 0000000180008490 f i BVHStructureBuilder.obj
 0001:000074b0       ?__global_delete@@YAXPEAX_K@Z 00000001800084b0 f i BVHStructureBuilder.obj
 0001:000074b0       ??_V@YAXPEAX_K@Z           00000001800084b0 f i MSVCRT:delete_array_size.obj
 0001:000074c0       ?allocate@?$ReflectionAllocator@USlab@NodeAllocator@Gu@physx@@@shdfnd@physx@@QEAAPEAX_KPEBDH@Z 00000001800084c0 f i BVHStructureBuilder.obj
 0001:00007560       ?flatten@@YAXAEBVNodeAllocator@Gu@physx@@PEAUBVHNode@23@@Z 0000000180008560 f   BVHStructureBuilder.obj
 0001:00007720       ?getCount@BuildStats@Gu@physx@@QEBAIXZ 0000000180008720 f i BVHStructureBuilder.obj
 0001:00007730       ?getNbPrimitives@AABBTreeBuildNode@Gu@physx@@QEBAIXZ 0000000180008730 f i BVHStructureBuilder.obj
 0001:00007730       ?getNbRuntimePrimitives@AABBTreeBuildNode@Gu@physx@@QEBAIXZ 0000000180008730 f i BVHStructureBuilder.obj
 0001:00007740       ?getNeg@AABBTreeBuildNode@Gu@physx@@QEBAPEBV123@XZ 0000000180008740 f i BVHStructureBuilder.obj
 0001:00007760       ?getPrimitives@AABBTreeBuildNode@Gu@physx@@QEBAPEBIPEBI@Z 0000000180008760 f i BVHStructureBuilder.obj
 0001:00007760       ?getPrimitives@AABBTreeBuildNode@Gu@physx@@QEAAPEAIPEAI@Z 0000000180008760 f i BVHStructureBuilder.obj
 0001:00007770       ?increaseCount@BuildStats@Gu@physx@@QEAAXI@Z 0000000180008770 f i BVHStructureBuilder.obj
 0001:00007780       ?isLeaf@AABBTreeBuildNode@Gu@physx@@QEBA_NXZ 0000000180008780 f i BVHStructureBuilder.obj
 0001:00007790       ?loadFromDesc@BVHStructureBuilder@physx@@QEAA_NAEBVPxBVHStructureDesc@2@@Z 0000000180008790 f   BVHStructureBuilder.obj
 0001:00007960       ?moveData@BVHStructureBuilder@physx@@QEAAXAEAUBVHStructureData@Gu@2@@Z 0000000180008960 f   BVHStructureBuilder.obj
 0001:000079a0       ?recreate@?$Array@USlab@NodeAllocator@Gu@physx@@V?$ReflectionAllocator@USlab@NodeAllocator@Gu@physx@@@shdfnd@4@@shdfnd@physx@@IEAAXI@Z 00000001800089a0 f i BVHStructureBuilder.obj
 0001:00007a50       ?reset@BuildStats@Gu@physx@@QEAAXXZ 0000000180008a50 f i BVHStructureBuilder.obj
 0001:00007a60       ?save@BVHStructureBuilder@physx@@QEBA_NAEAVPxOutputStream@2@_N@Z 0000000180008a60 f   BVHStructureBuilder.obj
 0001:00007be0       ?setCount@BuildStats@Gu@physx@@QEAAXI@Z 0000000180008be0 f i BVHStructureBuilder.obj
 0001:00007bf0       ?setNbRunTimePrimitives@AABBTreeBuildNode@Gu@physx@@QEAAXI@Z 0000000180008bf0 f i BVHStructureBuilder.obj
 0001:00007c00       ?saveHeightField@physx@@YA_NAEBVHeightField@Gu@1@AEAVPxOutputStream@1@_N@Z 0000000180008c00 f   HeightFieldCooking.obj
 0001:00007e40       ??$median3@I$$CBUSortBoundsPredicate@physx@@@internal@shdfnd@physx@@YAXPEAIHHAEBUSortBoundsPredicate@2@@Z 0000000180008e40 f i RTreeCooking.obj
 0001:00007f60       ??$partition@I$$CBU?$Less@I@shdfnd@physx@@@internal@shdfnd@physx@@YAHPEAIHHAEBU?$Less@I@12@@Z 0000000180008f60 f i RTreeCooking.obj
 0001:00008030       ??$partition@I$$CBUSortBoundsPredicate@physx@@@internal@shdfnd@physx@@YAHPEAIHHAEBUSortBoundsPredicate@2@@Z 0000000180009030 f i RTreeCooking.obj
 0001:00008120       ??$quickSelectFirstK@UBoundsLTE@physx@@@quickSelect@physx@@YAXPEIAIIIIAEBUBoundsLTE@1@@Z 0000000180009120 f i RTreeCooking.obj
 0001:00008310       ??$smallSort@I$$CBU?$Less@I@shdfnd@physx@@@internal@shdfnd@physx@@YAXPEAIHHAEBU?$Less@I@12@@Z 0000000180009310 f i RTreeCooking.obj
 0001:000083f0       ??$smallSort@I$$CBUSortBoundsPredicate@physx@@@internal@shdfnd@physx@@YAXPEAIHHAEBUSortBoundsPredicate@2@@Z 00000001800093f0 f i RTreeCooking.obj
 0001:000086e0       ??$sort@IU?$Less@I@shdfnd@physx@@V?$ReflectionAllocator@I@23@@shdfnd@physx@@YAXPEAIIAEBU?$Less@I@01@AEBV?$ReflectionAllocator@I@01@I@Z 00000001800096e0 f i RTreeCooking.obj
 0001:000089e0       ??$sort@IUSortBoundsPredicate@physx@@V?$ReflectionAllocator@I@shdfnd@2@@shdfnd@physx@@YAXPEAIIAEBUSortBoundsPredicate@1@AEBV?$ReflectionAllocator@I@01@I@Z 00000001800099e0 f i RTreeCooking.obj
 0001:00008ce0       ??0SubSortQuick@physx@@QEAA@PEAIPEBUPxBounds3V@1@IM@Z 0000000180009ce0 f i RTreeCooking.obj
 0001:00008e30       ??0SubSortSAH@physx@@QEAA@PEAIPEBUPxBounds3V@1@IPEBI22222M@Z 0000000180009e30 f i RTreeCooking.obj
 0001:00008fc0       ?allocate@?$Array@UInterval@physx@@V?$InlineAllocator@$0CAAA@V?$ReflectionAllocator@UInterval@physx@@@shdfnd@physx@@@shdfnd@2@@shdfnd@physx@@IEAAPEAUInterval@3@I@Z 0000000180009fc0 f i RTreeCooking.obj
 0001:00009080       ?allocate@?$ReflectionAllocator@I@shdfnd@physx@@QEAAPEAX_KPEBDH@Z 000000018000a080 f i RTreeCooking.obj
 0001:00009120       ?allocate@?$ReflectionAllocator@UPxBounds3V@physx@@@shdfnd@physx@@QEAAPEAX_KPEBDH@Z 000000018000a120 f i RTreeCooking.obj
 0001:000091c0       ?allocate@?$ReflectionAllocator@URTreeNodeNQ@physx@@@shdfnd@physx@@QEAAPEAX_KPEBDH@Z 000000018000a1c0 f i RTreeCooking.obj
 0001:00009260       ?allocate@?$ReflectionAllocator@URTreeNodeQ@Gu@physx@@@shdfnd@physx@@QEAAPEAX_KPEBDH@Z 000000018000a260 f i RTreeCooking.obj
 0001:00009d40       ?buildFromTriangles@RTreeCooker@physx@@SAXAEAURTree@Gu@2@PEBVPxVec3@2@IPEBGPEBIIAEAV?$Array@IV?$ReflectionAllocator@I@shdfnd@physx@@@shdfnd@2@PEAURemapCallback@12@MW4Enum@PxMeshCookingHint@2@@Z 000000018000ad40 f   RTreeCooking.obj
 0001:0000a000       ?copy@?$Array@URTreeNodeNQ@physx@@V?$ReflectionAllocator@URTreeNodeNQ@physx@@@shdfnd@2@@shdfnd@physx@@KAXPEAURTreeNodeNQ@3@0PEBU43@@Z 000000018000b000 f i RTreeCooking.obj
 0001:0000a1a0       ?growAndPushBack@?$Array@IV?$ReflectionAllocator@I@shdfnd@physx@@@shdfnd@physx@@IEAAAEAIAEBI@Z 000000018000b1a0 f i RTreeCooking.obj
 0001:0000a270       ?growAndPushBack@?$Array@UInterval@physx@@V?$InlineAllocator@$0CAAA@V?$ReflectionAllocator@UInterval@physx@@@shdfnd@physx@@@shdfnd@2@@shdfnd@physx@@IEAAAEAUInterval@3@AEBU43@@Z 000000018000b270 f i RTreeCooking.obj
 0001:0000a360       ?growAndPushBack@?$Array@UPxBounds3V@physx@@V?$ReflectionAllocator@UPxBounds3V@physx@@@shdfnd@2@@shdfnd@physx@@IEAAAEAUPxBounds3V@3@AEBU43@@Z 000000018000b360 f i RTreeCooking.obj
 0001:0000a450       ?growAndPushBack@?$Array@URTreeNodeNQ@physx@@V?$ReflectionAllocator@URTreeNodeNQ@physx@@@shdfnd@2@@shdfnd@physx@@IEAAAEAURTreeNodeNQ@3@AEBU43@@Z 000000018000b450 f i RTreeCooking.obj
 0001:0000a550       ?growAndPushBack@?$Array@URTreeNodeQ@Gu@physx@@V?$ReflectionAllocator@URTreeNodeQ@Gu@physx@@@shdfnd@3@@shdfnd@physx@@IEAAAEAURTreeNodeQ@Gu@3@AEBU453@@Z 000000018000b550 f i RTreeCooking.obj
 0001:0000a650       ?recreate@?$Array@IV?$ReflectionAllocator@I@shdfnd@physx@@@shdfnd@physx@@IEAAXI@Z 000000018000b650 f i RTreeCooking.obj
 0001:0000a700       ?recreate@?$Array@UPxBounds3V@physx@@V?$ReflectionAllocator@UPxBounds3V@physx@@@shdfnd@2@@shdfnd@physx@@IEAAXI@Z 000000018000b700 f i RTreeCooking.obj
 0001:0000a7b0       ?recreate@?$Array@URTreeNodeNQ@physx@@V?$ReflectionAllocator@URTreeNodeNQ@physx@@@shdfnd@2@@shdfnd@physx@@IEAAXI@Z 000000018000b7b0 f i RTreeCooking.obj
 0001:0000a840       ?recreate@?$Array@URTreeNodeQ@Gu@physx@@V?$ReflectionAllocator@URTreeNodeQ@Gu@physx@@@shdfnd@3@@shdfnd@physx@@IEAAXI@Z 000000018000b840 f i RTreeCooking.obj
 0001:0000a900       ?recreate@?$Array@VPxVec3@physx@@V?$ReflectionAllocator@VPxVec3@physx@@@shdfnd@2@@shdfnd@physx@@IEAAXI@Z 000000018000b900 f i RTreeCooking.obj
 0001:0000a990       ?resize@?$Array@IV?$ReflectionAllocator@I@shdfnd@physx@@@shdfnd@physx@@QEAAXIAEBI@Z 000000018000b990 f i RTreeCooking.obj
 0001:0000aa00       ?resizeUninitialized@?$Array@URTreeNodeNQ@physx@@V?$ReflectionAllocator@URTreeNodeNQ@physx@@@shdfnd@2@@shdfnd@physx@@QEAAXI@Z 000000018000ba00 f i RTreeCooking.obj
 0001:0000aa40       ?sort4@SubSortQuick@physx@@QEAAXPEIAIIAEAV?$Array@URTreeNodeNQ@physx@@V?$ReflectionAllocator@URTreeNodeNQ@physx@@@shdfnd@2@@shdfnd@2@AEAIAEAUPxBounds3V@2@I@Z 000000018000ba40 f i RTreeCooking.obj
 0001:0000add0       ?sort4@SubSortSAH@physx@@QEAAXPEAIIAEAV?$Array@URTreeNodeNQ@physx@@V?$ReflectionAllocator@URTreeNodeNQ@physx@@@shdfnd@2@@shdfnd@2@AEAIIPEAURTreeNodeNQ@2@@Z 000000018000bdd0 f i RTreeCooking.obj
 0001:0000b540       ?split@SubSortSAH@physx@@QEAAIPEAII@Z 000000018000c540 f i RTreeCooking.obj
 0001:0000bcf0       ?computeLocalBounds@MeshBulider@physx@@IEAAXAEAVMeshDataBase@Gu@2@@Z 000000018000ccf0 f   MeshBuilder.obj
 0001:0000bda0       ??$median3@UEdgeTriLookup@physx@@$$CBU?$Less@UEdgeTriLookup@physx@@@shdfnd@2@@internal@shdfnd@physx@@YAXPEAUEdgeTriLookup@2@HHAEBU?$Less@UEdgeTriLookup@physx@@@12@@Z 000000018000cda0 f i TriangleMeshBuilder.obj
 0001:0000beb0       ??$partition@UEdgeTriLookup@physx@@$$CBU?$Less@UEdgeTriLookup@physx@@@shdfnd@2@@internal@shdfnd@physx@@YAHPEAUEdgeTriLookup@2@HHAEBU?$Less@UEdgeTriLookup@physx@@@12@@Z 000000018000ceb0 f i TriangleMeshBuilder.obj
 0001:0000bfd0       ??$smallSort@UEdgeTriLookup@physx@@$$CBU?$Less@UEdgeTriLookup@physx@@@shdfnd@2@@internal@shdfnd@physx@@YAXPEAUEdgeTriLookup@2@HHAEBU?$Less@UEdgeTriLookup@physx@@@12@@Z 000000018000cfd0 f i TriangleMeshBuilder.obj
 0001:0000c0e0       ??$sort@UEdgeTriLookup@physx@@U?$Less@UEdgeTriLookup@physx@@@shdfnd@2@V?$ReflectionAllocator@UEdgeTriLookup@physx@@@42@@shdfnd@physx@@YAXPEAUEdgeTriLookup@1@IAEBU?$Less@UEdgeTriLookup@physx@@@01@AEBV?$ReflectionAllocator@UEdgeTriLookup@physx@@@01@I@Z 000000018000d0e0 f i TriangleMeshBuilder.obj
 0001:0000c3e0       ??0BV4TriangleData@Gu@physx@@QEAA@XZ 000000018000d3e0 f i TriangleMeshBuilder.obj
 0001:0000c490       ??0BV4TriangleMeshBuilder@physx@@QEAA@AEBUPxCookingParams@1@@Z 000000018000d490 f   TriangleMeshBuilder.obj
 0001:0000c4d0       ??0RTreeTriangleMeshBuilder@physx@@QEAA@AEBUPxCookingParams@1@@Z 000000018000d4d0 f   TriangleMeshBuilder.obj
 0001:0000c590       ??1BV4TriangleMeshBuilder@physx@@UEAA@XZ 000000018000d590 f   TriangleMeshBuilder.obj
 0001:0000c620       ??1MeshDataBase@Gu@physx@@UEAA@XZ 000000018000d620 f i TriangleMeshBuilder.obj
 0001:0000c700       ??1RTreeTriangleMeshBuilder@physx@@UEAA@XZ 000000018000d700 f   TriangleMeshBuilder.obj
 0001:0000c7b0       ??1TriangleMeshData@Gu@physx@@UEAA@XZ 000000018000d7b0 f i TriangleMeshBuilder.obj
 0001:0000c880       ??_GBV4TriangleData@Gu@physx@@UEAAPEAXI@Z 000000018000d880 f i TriangleMeshBuilder.obj
 0001:0000c880       ??_EBV4TriangleData@Gu@physx@@UEAAPEAXI@Z 000000018000d880 f i TriangleMeshBuilder.obj
 0001:0000c900       ??_GBV4TriangleMeshBuilder@physx@@UEAAPEAXI@Z 000000018000d900 f i TriangleMeshBuilder.obj
 0001:0000c900       ??_EBV4TriangleMeshBuilder@physx@@UEAAPEAXI@Z 000000018000d900 f i TriangleMeshBuilder.obj
 0001:0000c940       ??_EMeshDataBase@Gu@physx@@UEAAPEAXI@Z 000000018000d940 f i TriangleMeshBuilder.obj
 0001:0000c940       ??_GMeshDataBase@Gu@physx@@UEAAPEAXI@Z 000000018000d940 f i TriangleMeshBuilder.obj
 0001:0000c9a0       ??_ERTreeCookerRemap@physx@@UEAAPEAXI@Z 000000018000d9a0 f i TriangleMeshBuilder.obj
 0001:0000c9a0       ??_GRTreeCookerRemap@physx@@UEAAPEAXI@Z 000000018000d9a0 f i TriangleMeshBuilder.obj
 0001:0000c9d0       ??_ERTreeTriangleData@Gu@physx@@UEAAPEAXI@Z 000000018000d9d0 f i TriangleMeshBuilder.obj
 0001:0000c9d0       ??_GRTreeTriangleData@Gu@physx@@UEAAPEAXI@Z 000000018000d9d0 f i TriangleMeshBuilder.obj
 0001:0000ca80       ??_GRTreeTriangleMeshBuilder@physx@@UEAAPEAXI@Z 000000018000da80 f i TriangleMeshBuilder.obj
 0001:0000ca80       ??_ERTreeTriangleMeshBuilder@physx@@UEAAPEAXI@Z 000000018000da80 f i TriangleMeshBuilder.obj
 0001:0000cac0       ??_ERemapCallback@RTreeCooker@physx@@UEAAPEAXI@Z 000000018000dac0 f i TriangleMeshBuilder.obj
 0001:0000cac0       ??_GRemapCallback@RTreeCooker@physx@@UEAAPEAXI@Z 000000018000dac0 f i TriangleMeshBuilder.obj
 0001:0000caf0       ??_ETriangleMeshBuilder@physx@@UEAAPEAXI@Z 000000018000daf0 f i TriangleMeshBuilder.obj
 0001:0000caf0       ??_GTriangleMeshBuilder@physx@@UEAAPEAXI@Z 000000018000daf0 f i TriangleMeshBuilder.obj
 0001:0000cb60       ??_GTriangleMeshData@Gu@physx@@UEAAPEAXI@Z 000000018000db60 f i TriangleMeshBuilder.obj
 0001:0000cb60       ??_ETriangleMeshData@Gu@physx@@UEAAPEAXI@Z 000000018000db60 f i TriangleMeshBuilder.obj
 0001:0000cbc0       ?allocateMaterials@TriangleMeshData@Gu@physx@@QEAAPEAGXZ 000000018000dbc0 f i TriangleMeshBuilder.obj
 0001:0000cc80       ?allocateTriangles@TriangleMeshData@Gu@physx@@QEAAPEAXI_NI@Z 000000018000dc80 f i TriangleMeshBuilder.obj
 0001:0000cd70       ?allocateVertices@MeshDataBase@Gu@physx@@QEAAPEAVPxVec3@3@I@Z 000000018000dd70 f i TriangleMeshBuilder.obj
 0001:0000d260       ?checkMeshIndicesSize@TriangleMeshBuilder@physx@@QEAAXXZ 000000018000e260 f   TriangleMeshBuilder.obj
 0001:0000d370       ?cleanMesh@TriangleMeshBuilder@physx@@QEAA_N_NPEAW4Enum@PxTriangleMeshCookingResult@2@@Z 000000018000e370 f   TriangleMeshBuilder.obj
 0001:0000d8b0       ?createEdgeList@TriangleMeshBuilder@physx@@IEAAXXZ 000000018000e8b0 f   TriangleMeshBuilder.obj
 0001:0000d9e0       ?createGRBData@TriangleMeshBuilder@physx@@QEAAXXZ 000000018000e9e0 f   TriangleMeshBuilder.obj
 0001:0000dae0       ?createGRBMidPhaseAndData@TriangleMeshBuilder@physx@@QEAAXI@Z 000000018000eae0 f   TriangleMeshBuilder.obj
 0001:0000dca0       ?createMidPhaseStructure@BV32TriangleMeshBuilder@physx@@SAXAEBUPxCookingParams@2@AEAVTriangleMeshData@Gu@2@AEAVBV32Tree@52@@Z 000000018000eca0 f   TriangleMeshBuilder.obj
 0001:0000de70       ?createMidPhaseStructure@BV4TriangleMeshBuilder@physx@@UEAAXXZ 000000018000ee70 f   TriangleMeshBuilder.obj
 0001:0000e190       ?createMidPhaseStructure@RTreeTriangleMeshBuilder@physx@@UEAAXXZ 000000018000f190 f   TriangleMeshBuilder.obj
 0001:0000e270       ?createSharedEdgeData@TriangleMeshBuilder@physx@@QEAAX_N0@Z 000000018000f270 f   TriangleMeshBuilder.obj
 0001:0000e7f0       _is_c_termination_complete 000000018000f7f0 f i MSVCRT:ucrt_stubs.obj
 0001:0000e7f0       __scrt_stub_for_is_c_termination_complete 000000018000f7f0 f i MSVCRT:ucrt_stubs.obj
 0001:0000e7f0       ?getMidphaseID@RTreeTriangleMeshBuilder@physx@@UEBA?AW4Enum@PxMeshMidPhase@2@XZ 000000018000f7f0 f i TriangleMeshBuilder.obj
 0001:0000e800       ?importMesh@TriangleMeshBuilder@physx@@IEAA_NAEBVPxTriangleMeshDesc@2@AEBUPxCookingParams@2@PEAW4Enum@PxTriangleMeshCookingResult@2@_N@Z 000000018000f800 f   TriangleMeshBuilder.obj
 0001:0000eb00       ?loadFromDesc@TriangleMeshBuilder@physx@@QEAA_NAEBVPxTriangleMeshDesc@2@PEAW4Enum@PxTriangleMeshCookingResult@2@_N@Z 000000018000fb00 f   TriangleMeshBuilder.obj
 0001:0000edf0       ?onMeshIndexFormatChange@BV4TriangleMeshBuilder@physx@@UEAAXXZ 000000018000fdf0 f   TriangleMeshBuilder.obj
 0001:0000ee30       ?recordTriangleIndices@TriangleMeshBuilder@physx@@QEAAXXZ 000000018000fe30 f   TriangleMeshBuilder.obj
 0001:0000ef30       ?remap@RTreeCookerRemap@physx@@UEAAXPEAIII@Z 000000018000ff30 f i TriangleMeshBuilder.obj
 0001:0000ef50       ?remapTopology@TriangleMeshBuilder@physx@@QEAAXPEBI@Z 000000018000ff50 f   TriangleMeshBuilder.obj
 0001:0000f240       ?save@TriangleMeshBuilder@physx@@QEBA_NAEAVPxOutputStream@2@_NAEBUPxCookingParams@2@@Z 0000000180010240 f   TriangleMeshBuilder.obj
 0001:0000f6b0       ?saveMidPhaseStructure@BV32TriangleMeshBuilder@physx@@SAXPEAVBV32Tree@Gu@2@AEAVPxOutputStream@2@_N@Z 00000001800106b0 f   TriangleMeshBuilder.obj
 0001:0000f850       ?saveMidPhaseStructure@BV4TriangleMeshBuilder@physx@@UEBAXAEAVPxOutputStream@2@_N@Z 0000000180010850 f   TriangleMeshBuilder.obj
 0001:0000f9f0       ?saveMidPhaseStructure@RTreeTriangleMeshBuilder@physx@@UEBAXAEAVPxOutputStream@2@_N@Z 00000001800109f0 f   TriangleMeshBuilder.obj
 0001:0000fc30       ??0BigConvexDataBuilder@physx@@QEAA@PEBUConvexHullData@Gu@1@PEAVBigConvexData@1@PEBVPxVec3@1@@Z 0000000180010c30 f   BigConvexDataBuilder.obj
 0001:0000fc40       ??4BigConvexData@physx@@QEAAAEAV01@AEBV01@@Z 0000000180010c40 f i BigConvexDataBuilder.obj
 0001:0000fc60       ?GetAdjacentVerts@BigConvexData@physx@@QEBAPEBEXZ 0000000180010c60 f i BigConvexDataBuilder.obj
 0001:0000fc70       ?GetNbSamples@BigConvexData@physx@@QEBAIXZ 0000000180010c70 f i BigConvexDataBuilder.obj
 0001:0000fc80       ?GetNbVerts@BigConvexData@physx@@QEBAIXZ 0000000180010c80 f i BigConvexDataBuilder.obj
 0001:0000fc90       ?GetNeighbors@BigConvexData@physx@@QEBAPEBEI@Z 0000000180010c90 f i BigConvexDataBuilder.obj
 0001:0000fca0       ?GetOffset@BigConvexData@physx@@QEBAGI@Z 0000000180010ca0 f i BigConvexDataBuilder.obj
 0001:0000fcb0       ?GetSubdiv@BigConvexData@physx@@QEBAIXZ 0000000180010cb0 f i BigConvexDataBuilder.obj
 0001:0000fcc0       ?GetRecyclable@RadixSort@Cm@physx@@QEBAPEAIXZ 0000000180010cc0 f i Adjacencies.obj
 0001:0000fcc0       ?getPos@AABBTreeBuildNode@Gu@physx@@QEBAPEBV123@XZ 0000000180010cc0 f i BVHStructureBuilder.obj
 0001:0000fcc0       ?GetValencies@BigConvexData@physx@@QEBAPEBUValency@Gu@2@XZ 0000000180010cc0 f i BigConvexDataBuilder.obj
 0001:0000fcd0       ?GetValency@BigConvexData@physx@@QEBAGI@Z 0000000180010cd0 f i BigConvexDataBuilder.obj
 0001:0000fcd0       ?GetNbNeighbors@BigConvexData@physx@@QEBAGI@Z 0000000180010cd0 f i BigConvexDataBuilder.obj
 0001:0000fce0       ?computeValencies@BigConvexDataBuilder@physx@@QEAA_NAEBVConvexHullBuilder@2@@Z 0000000180010ce0 f   BigConvexDataBuilder.obj
 0001:000100d0       ?initialize@BigConvexDataBuilder@physx@@QEAA_NXZ 00000001800110d0 f   BigConvexDataBuilder.obj
 0001:00010170       ?precompute@BigConvexDataBuilder@physx@@QEAA_NI@Z 0000000180011170 f   BigConvexDataBuilder.obj
 0001:00010b50       ?save@BigConvexDataBuilder@physx@@QEBA_NAEAVPxOutputStream@2@_N@Z 0000000180011b50 f   BigConvexDataBuilder.obj
 0001:00010c30       ?saveValencies@BigConvexDataBuilder@physx@@QEBA_NAEAVPxOutputStream@2@_N@Z 0000000180011c30 f   BigConvexDataBuilder.obj
 0001:00010de0       ??0ConvexHullBuilder@physx@@QEAA@PEAUConvexHullData@Gu@1@_N@Z 0000000180011de0 f   ConvexHullBuilder.obj
 0001:00010e10       ??1ConvexHullBuilder@physx@@QEAA@XZ 0000000180011e10 f   ConvexHullBuilder.obj
 0001:00010f10       ?calculateVertexMapTable@ConvexHullBuilder@physx@@QEAA_NI_N@Z 0000000180011f10 f   ConvexHullBuilder.obj
 0001:00011130       ?checkHullPolygons@ConvexHullBuilder@physx@@QEBA_NXZ 0000000180012130 f   ConvexHullBuilder.obj
 0001:00011560       ?computeGeomCenter@ConvexHullBuilder@physx@@IEBA_NAEAVPxVec3@2@IPEAUHullTriangleData@2@@Z 0000000180012560 f   ConvexHullBuilder.obj
 0001:00011790       ?copy@ConvexHullBuilder@physx@@QEAA_NAEAUConvexHullData@Gu@2@AEAI@Z 0000000180012790 f   ConvexHullBuilder.obj
 0001:000119e0       ?createEdgeList@ConvexHullBuilder@physx@@QEAA_N_NI@Z 00000001800129e0 f   ConvexHullBuilder.obj
 0001:000122b0       ?init@ConvexHullBuilder@physx@@QEAA_NIPEBVPxVec3@2@PEBIIIPEBUPxHullPolygon@2@_NPEAVConvexHullLib@2@@Z 00000001800132b0 f   ConvexHullBuilder.obj
 0001:000126b0       ?save@ConvexHullBuilder@physx@@QEBA_NAEAVPxOutputStream@2@_N@Z 00000001800136b0 f   ConvexHullBuilder.obj
 0001:000129c0       ??1ConvexHullLib@physx@@UEAA@XZ 00000001800139c0 f   ConvexHullLib.obj
 0001:00012a20       ??_EConvexHullLib@physx@@UEAAPEAXI@Z 0000000180013a20 f i ConvexHullLib.obj
 0001:00012a20       ??_GConvexHullLib@physx@@UEAAPEAXI@Z 0000000180013a20 f i ConvexHullLib.obj
 0001:00012f00       ?cleanupVertices@ConvexHullLib@physx@@IEAA_NIPEBVPxVec3@2@IAEAIPEAV32@AEAV32@3@Z 0000000180013f00 f   ConvexHullLib.obj
 0001:000133a0       ?shiftAndcleanupVertices@ConvexHullLib@physx@@IEAA_NIPEBVPxVec3@2@IAEAIPEAV32@AEAV32@3@Z 00000001800143a0 f   ConvexHullLib.obj
 0001:000137e0       ?shiftConvexMeshDesc@ConvexHullLib@physx@@IEAAXAEAVPxConvexMeshDesc@2@@Z 00000001800147e0 f   ConvexHullLib.obj
 0001:000138a0       ?swapLargestFace@ConvexHullLib@physx@@IEAAXAEAVPxConvexMeshDesc@2@@Z 00000001800148a0 f   ConvexHullLib.obj
 0001:00013a80       ??0Box@Gu@physx@@QEAA@AEBVPxVec3@2@0AEBVPxMat33@2@@Z 0000000180014a80 f i ConvexHullUtils.obj
 0001:00013af0       ??0ConvexHull@physx@@QEAA@AEBVPxVec3@1@AEBVPxTransform@1@AEBV?$Array@VPxPlane@physx@@V?$ReflectionAllocator@VPxPlane@physx@@@shdfnd@2@@shdfnd@1@@Z 0000000180014af0 f   ConvexHullUtils.obj
 0001:00014ec0       ??0PxQuat@physx@@QEAA@AEBVPxMat33@1@@Z 0000000180015ec0 f i ConvexHullUtils.obj
 0001:000150c0       ??1Box@Gu@physx@@QEAA@XZ   00000001800160c0 f i ConvexHullUtils.obj
 0001:000150c0       ?onMeshIndexFormatChange@TriangleMeshBuilder@physx@@UEAAXXZ 00000001800160c0 f i TriangleMeshBuilder.obj
 0001:000150c0       ??1AABBTreeBuildNode@Gu@physx@@QEAA@XZ 00000001800160c0 f i BVHStructureBuilder.obj
 0001:000150c0       ??_FAllocator@shdfnd@physx@@QEAAXXZ 00000001800160c0 f i Adjacencies.obj
 0001:000150c0       _guard_check_icall_nop     00000001800160c0 f i MSVCRT:guard_support.obj
 0001:000150c0       ??1HeightFieldData@Gu@physx@@QEAA@XZ 00000001800160c0 f i Cooking.obj
 0001:000150c0       ??1BigConvexDataBuilder@physx@@QEAA@XZ 00000001800160c0 f i BigConvexDataBuilder.obj
 0001:000150d0       ??4Box@Gu@physx@@QEAAAEBV012@AEBV012@@Z 00000001800160d0 f i ConvexHullUtils.obj
 0001:000150d0       ??0Box@Gu@physx@@QEAA@AEBV012@@Z 00000001800160d0 f i ConvexHullUtils.obj
 0001:00015130       ?allocate@?$ReflectionAllocator@VHalfEdge@ConvexHull@physx@@@shdfnd@physx@@QEAAPEAX_KPEBDH@Z 0000000180016130 f i ConvexHullUtils.obj
 0001:000151d0       ?allocate@?$ReflectionAllocator@VPxPlane@physx@@@shdfnd@physx@@QEAAPEAX_KPEBDH@Z 00000001800161d0 f i ConvexHullUtils.obj
 0001:00015270       ?assertIntact@ConvexHull@physx@@QEBA_NM@Z 0000000180016270 f   ConvexHullUtils.obj
 0001:00015580       ?computeAABBExtent@Box@Gu@physx@@QEBA?AVPxVec3@3@XZ 0000000180016580 f i ConvexHullUtils.obj
 0001:00015640       ?computeBoxPoints@Box@Gu@physx@@QEBAXPEIAVPxVec3@3@@Z 0000000180016640 f i ConvexHullUtils.obj
 0001:00015680       ?computeOBBFromConvex@physx@@YA_NAEBVPxConvexMeshDesc@1@AEAVPxVec3@1@AEAVPxTransform@1@@Z 0000000180016680 f   ConvexHullUtils.obj
 0001:00015dc0       ?computeOBBSIMD@local@@YAXIPEBT__m128@@AEAT2@AEBT2@1@Z 0000000180016dc0 f   ConvexHullUtils.obj
 0001:00016020       ?convexHullCrop@physx@@YAPEAVConvexHull@1@AEBV21@AEBVPxPlane@1@M@Z 0000000180017020 f   ConvexHullUtils.obj
 0001:00016e50       ?copy@?$Array@VPxPlane@physx@@V?$ReflectionAllocator@VPxPlane@physx@@@shdfnd@2@@shdfnd@physx@@KAXPEAVPxPlane@3@0PEBV43@@Z 0000000180017e50 f i ConvexHullUtils.obj
 0001:00016f80       ?copyHull@ConvexHull@physx@@QEAAXAEBV12@@Z 0000000180017f80 f i ConvexHullUtils.obj
 0001:00017030       ?create@?$Array@VPxPlane@physx@@V?$ReflectionAllocator@VPxPlane@physx@@@shdfnd@2@@shdfnd@physx@@KAXPEAVPxPlane@3@0AEBV43@@Z 0000000180018030 f i ConvexHullUtils.obj
 0001:00017130       ?create@?$Array@VPxVec3@physx@@V?$ReflectionAllocator@VPxVec3@physx@@@shdfnd@2@@shdfnd@physx@@KAXPEAVPxVec3@3@0AEBV43@@Z 0000000180018130 f i ConvexHullUtils.obj
 0001:00017210       ?findCandidatePlane@ConvexHull@physx@@QEBAHMM@Z 0000000180018210 f   ConvexHullUtils.obj
 0001:00017720       ?getInverse@PxMat33@physx@@QEBA?BV12@XZ 0000000180018720 f i ConvexHullUtils.obj
 0001:000179b0       ?getTransform@Box@Gu@physx@@QEBA?AVPxTransform@3@XZ 00000001800189b0 f i ConvexHullUtils.obj
 0001:00017a10       ?growAndPushBack@?$Array@VHalfEdge@ConvexHull@physx@@V?$ReflectionAllocator@VHalfEdge@ConvexHull@physx@@@shdfnd@3@@shdfnd@physx@@IEAAAEAVHalfEdge@ConvexHull@3@AEBV453@@Z 0000000180018a10 f i ConvexHullUtils.obj
 0001:00017ae0       ?growAndPushBack@?$Array@VPxPlane@physx@@V?$ReflectionAllocator@VPxPlane@physx@@@shdfnd@2@@shdfnd@physx@@IEAAAEAVPxPlane@3@AEBV43@@Z 0000000180018ae0 f i ConvexHullUtils.obj
 0001:00017bd0       ?isValid@Box@Gu@physx@@QEBA_NXZ 0000000180018bd0 f i ConvexHullUtils.obj
 0001:00017bf0       ?maxNumVertsPerFace@ConvexHull@physx@@QEBAIXZ 0000000180018bf0 f   ConvexHullUtils.obj
 0001:00017c50       ?recreate@?$Array@VHalfEdge@ConvexHull@physx@@V?$ReflectionAllocator@VHalfEdge@ConvexHull@physx@@@shdfnd@3@@shdfnd@physx@@IEAAXI@Z 0000000180018c50 f i ConvexHullUtils.obj
 0001:00017d00       ?recreate@?$Array@VPxPlane@physx@@V?$ReflectionAllocator@VPxPlane@physx@@@shdfnd@2@@shdfnd@physx@@IEAAXI@Z 0000000180018d00 f i ConvexHullUtils.obj
 0001:00017d90       ?resize@?$Array@VHalfEdge@ConvexHull@physx@@V?$ReflectionAllocator@VHalfEdge@ConvexHull@physx@@@shdfnd@3@@shdfnd@physx@@QEAAXIAEBVHalfEdge@ConvexHull@3@@Z 0000000180018d90 f i ConvexHullUtils.obj
 0001:00017e00       ?resize@?$Array@VPxPlane@physx@@V?$ReflectionAllocator@VPxPlane@physx@@@shdfnd@2@@shdfnd@physx@@QEAAXIAEBVPxPlane@3@@Z 0000000180018e00 f i ConvexHullUtils.obj
 0001:00017e60       ?resize@?$Array@VPxVec3@physx@@V?$ReflectionAllocator@VPxVec3@physx@@@shdfnd@2@@shdfnd@physx@@QEAAXIAEBVPxVec3@3@@Z 0000000180018e60 f i ConvexHullUtils.obj
 0001:00017ec0       ?rotate@Box@Gu@physx@@QEBA?AVPxVec3@3@AEBV43@@Z 0000000180018ec0 f i ConvexHullUtils.obj
 0001:00017f70       ?rotateInv@Box@Gu@physx@@QEBA?AVPxVec3@3@AEBV43@@Z 0000000180018f70 f i ConvexHullUtils.obj
 0001:00018000       ?setAxes@Box@Gu@physx@@QEAAXAEBVPxVec3@3@00@Z 0000000180019000 f i ConvexHullUtils.obj
 0001:00018040       ?setEmpty@Box@Gu@physx@@QEAAXXZ 0000000180019040 f i ConvexHullUtils.obj
 0001:00018080       ?transform@Box@Gu@physx@@QEBA?AVPxVec3@3@AEBV43@@Z 0000000180019080 f i ConvexHullUtils.obj
 0001:00018140       ??0ConvexMeshBuilder@physx@@QEAA@_N@Z 0000000180019140 f   ConvexMeshBuilder.obj
 0001:000181a0       ??1ConvexMeshBuilder@physx@@QEAA@XZ 00000001800191a0 f   ConvexMeshBuilder.obj
 0001:00018600       ?build@ConvexMeshBuilder@physx@@QEAA_NAEBVPxConvexMeshDesc@2@I_NPEAVConvexHullLib@2@@Z 0000000180019600 f   ConvexMeshBuilder.obj
 0001:00018790       ?computeGaussMaps@ConvexMeshBuilder@physx@@QEAA_NXZ 0000000180019790 f   ConvexMeshBuilder.obj
 0001:00018880       ?computeHullPolygons@ConvexMeshBuilder@physx@@QEAA_NAEBIPEBVPxVec3@2@0PEBIAEAVPxAllocatorCallback@2@AEAIAEAPEAV32@4AEAPEAI4AEAPEAUPxHullPolygon@2@@Z 0000000180019880 f   ConvexMeshBuilder.obj
 0001:00018a90       ?computeInternalObjects@ConvexMeshBuilder@physx@@QEAAXXZ 0000000180019a90 f   ConvexMeshBuilder.obj
 0001:00018b10       ?computeMassInfo@ConvexMeshBuilder@physx@@QEAAX_N@Z 0000000180019b10 f   ConvexMeshBuilder.obj
 0001:00018f40       ?copy@ConvexMeshBuilder@physx@@QEAA_NAEAUConvexHullInitData@Gu@2@@Z 0000000180019f40 f   ConvexMeshBuilder.obj
 0001:00019060       ?isFinite@PxVec3@physx@@QEBA_NXZ 000000018001a060 f i ConvexMeshBuilder.obj
 0001:000190c0       ?loadConvexHull@ConvexMeshBuilder@physx@@QEAA_NAEBVPxConvexMeshDesc@2@PEAVConvexHullLib@2@@Z 000000018001a0c0 f   ConvexMeshBuilder.obj
 0001:00019360       ?save@ConvexMeshBuilder@physx@@QEBA_NAEAVPxOutputStream@2@_N@Z 000000018001a360 f   ConvexMeshBuilder.obj
 0001:00019570       ??$PlaneEquation@U?$TriangleT@I@Gu@physx@@@@YA?AVPxPlane@physx@@AEBU?$TriangleT@I@Gu@1@PEBVPxVec3@1@@Z 000000018001a570 f i ConvexPolygonsBuilder.obj
 0001:00019700       ??$copy@V?$ReflectionAllocator@VPair@@@shdfnd@physx@@@?$Array@VPair@@V?$ReflectionAllocator@VPair@@@shdfnd@physx@@@shdfnd@physx@@IEAAXAEBV012@@Z 000000018001a700 f i ConvexPolygonsBuilder.obj
 0001:00019780       ??0ConvexPolygonsBuilder@physx@@QEAA@PEAUConvexHullData@Gu@1@_N@Z 000000018001a780 f   ConvexPolygonsBuilder.obj
 0001:000197a0       ??1ConvexPolygonsBuilder@physx@@QEAA@XZ 000000018001a7a0 f   ConvexPolygonsBuilder.obj
 0001:0001a640       ?allocate@?$ReflectionAllocator@VPair@@@shdfnd@physx@@QEAAPEAX_KPEBDH@Z 000000018001b640 f i ConvexPolygonsBuilder.obj
 0001:0001aec0       ?computeHullPolygons@ConvexPolygonsBuilder@physx@@QEAA_NAEBIPEBVPxVec3@2@0PEBI@Z 000000018001bec0 f   ConvexPolygonsBuilder.obj
 0001:0001b310       ?createPolygonData@ConvexPolygonsBuilder@physx@@AEAA_NXZ 000000018001c310 f   ConvexPolygonsBuilder.obj
 0001:0001bba0       ?createTrianglesFromPolygons@ConvexPolygonsBuilder@physx@@AEAA_NXZ 000000018001cba0 f   ConvexPolygonsBuilder.obj
 0001:0001d120       ?growAndPushBack@?$Array@VPair@@V?$ReflectionAllocator@VPair@@@shdfnd@physx@@@shdfnd@physx@@IEAAAEAVPair@@AEBV4@@Z 000000018001e120 f i ConvexPolygonsBuilder.obj
 0001:0001d200       ??0QuickHull@local@@QEAA@AEBUPxCookingParams@physx@@AEBVPxConvexMeshDesc@3@@Z 000000018001e200 f   QuickHullConvexHullLib.obj
 0001:0001d2b0       ??0QuickHullConvexHullLib@physx@@QEAA@AEBVPxConvexMeshDesc@1@AEBUPxCookingParams@1@@Z 000000018001e2b0 f   QuickHullConvexHullLib.obj
 0001:0001d3a0       ??1?$MemBlock@UQuickHullHalfEdge@local@@$0A@@local@@QEAA@XZ 000000018001e3a0 f i QuickHullConvexHullLib.obj
 0001:0001d3a0       ??1?$MemBlock@UQuickHullFace@local@@$00@local@@QEAA@XZ 000000018001e3a0 f i QuickHullConvexHullLib.obj
 0001:0001d430       ??1ConvexHull@physx@@QEAA@XZ 000000018001e430 f i QuickHullConvexHullLib.obj
 0001:0001d4d0       ??1QuickHull@local@@QEAA@XZ 000000018001e4d0 f   QuickHullConvexHullLib.obj
 0001:0001d610       ??1QuickHullConvexHullLib@physx@@UEAA@XZ 000000018001e610 f   QuickHullConvexHullLib.obj
 0001:0001d6e0       ??_GQuickHullConvexHullLib@physx@@UEAAPEAXI@Z 000000018001e6e0 f i QuickHullConvexHullLib.obj
 0001:0001d6e0       ??_EQuickHullConvexHullLib@physx@@UEAAPEAXI@Z 000000018001e6e0 f i QuickHullConvexHullLib.obj
 0001:0001d740       ?addNewFacesFromHorizon@QuickHull@local@@IEAAXPEBUQuickHullVertex@2@AEBV?$Array@PEAUQuickHullHalfEdge@local@@V?$ReflectionAllocator@PEAUQuickHullHalfEdge@local@@@shdfnd@physx@@@shdfnd@physx@@AEAV?$Array@PEAUQuickHullFace@local@@V?$ReflectionAllocator@PEAUQuickHullFace@local@@@shdfnd@physx@@@56@@Z 000000018001e740 f   QuickHullConvexHullLib.obj
 0001:0001d8a0       ?addPointToHull@QuickHull@local@@IEAA_NPEBUQuickHullVertex@2@AEAUQuickHullFace@2@AEA_N@Z 000000018001e8a0 f   QuickHullConvexHullLib.obj
 0001:0001db80       ?addSimplex@QuickHull@local@@IEAAXPEAUQuickHullVertex@2@_N@Z 000000018001eb80 f   QuickHullConvexHullLib.obj
 0001:0001dff0       ?allocate@?$ReflectionAllocator@PEAUQuickHullFace@local@@@shdfnd@physx@@QEAAPEAX_KPEBDH@Z 000000018001eff0 f i QuickHullConvexHullLib.obj
 0001:0001e090       ?allocate@?$ReflectionAllocator@PEAUQuickHullHalfEdge@local@@@shdfnd@physx@@QEAAPEAX_KPEBDH@Z 000000018001f090 f i QuickHullConvexHullLib.obj
 0001:0001e130       ?allocate@?$ReflectionAllocator@PEAUQuickHullVertex@local@@@shdfnd@physx@@QEAAPEAX_KPEBDH@Z 000000018001f130 f i QuickHullConvexHullLib.obj
 0001:0001e1d0       ?allocate@?$ReflectionAllocator@UExpandPoint@local@@@shdfnd@physx@@QEAAPEAX_KPEBDH@Z 000000018001f1d0 f i QuickHullConvexHullLib.obj
 0001:0001e270       ?buildHull@QuickHull@local@@QEAA?AW4Enum@QuickHullResult@2@XZ 000000018001f270 f   QuickHullConvexHullLib.obj
 0001:0001e400       ?calculateHorizon@QuickHull@local@@IEAAXAEBVPxVec3@physx@@PEAUQuickHullHalfEdge@2@AEAUQuickHullFace@2@AEAV?$Array@PEAUQuickHullHalfEdge@local@@V?$ReflectionAllocator@PEAUQuickHullHalfEdge@local@@@shdfnd@physx@@@shdfnd@4@AEAV?$Array@PEAUQuickHullFace@local@@V?$ReflectionAllocator@PEAUQuickHullFace@local@@@shdfnd@physx@@@84@@Z 000000018001f400 f   QuickHullConvexHullLib.obj
 0001:0001e5b0       ?canMergeFaces@QuickHull@local@@IEAA_NAEBUQuickHullHalfEdge@2@@Z 000000018001f5b0 f   QuickHullConvexHullLib.obj
 0001:0001ede0       ?cleanupForSimplex@QuickHullConvexHullLib@physx@@IEAA_NPEAVPxVec3@2@IPEAUQuickHullVertex@local@@1AEAM2@Z 000000018001fde0 f   QuickHullConvexHullLib.obj
 0001:0001f920       ?computeMinMaxVerts@QuickHull@local@@IEAAXXZ 0000000180020920 f   QuickHullConvexHullLib.obj
 0001:0001fcf0       ?connectHalfEdges@QuickHullFace@local@@AEAAPEAU12@PEAUQuickHullHalfEdge@2@0@Z 0000000180020cf0 f   QuickHullConvexHullLib.obj
 0001:00020060       ?copy@?$Array@UExpandPoint@local@@V?$ReflectionAllocator@UExpandPoint@local@@@shdfnd@physx@@@shdfnd@physx@@KAXPEAUExpandPoint@local@@0PEBU45@@Z 0000000180021060 f i QuickHullConvexHullLib.obj
 0001:000200e0       ?createConvexHull@QuickHullConvexHullLib@physx@@UEAA?AW4Enum@PxConvexMeshCookingResult@2@XZ 00000001800210e0 f   QuickHullConvexHullLib.obj
 0001:00020330       ?createEdgeList@QuickHullConvexHullLib@physx@@UEAA_NIPEBEPEAPEAEPEAPEAG2@Z 0000000180021330 f   QuickHullConvexHullLib.obj
 0001:00020620       ?createTriangle@QuickHull@local@@IEAAPEAUQuickHullFace@2@AEBUQuickHullVertex@2@00@Z 0000000180021620 f   QuickHullConvexHullLib.obj
 0001:000209c0       ?deleteFacePoints@QuickHull@local@@IEAAXAEAUQuickHullFace@2@PEAU32@@Z 00000001800219c0 f   QuickHullConvexHullLib.obj
 0001:00020ae0       ?doAdjacentMerge@QuickHull@local@@IEAA_NAEAUQuickHullFace@2@_NAEA_N@Z 0000000180021ae0 f   QuickHullConvexHullLib.obj
 0001:00020d60       ?expandHull@QuickHullConvexHullLib@physx@@IEAA?AW4Enum@PxConvexMeshCookingResult@2@XZ 0000000180021d60 f   QuickHullConvexHullLib.obj
 0001:00021650       ?expandHullOBB@QuickHullConvexHullLib@physx@@IEAA?AW4Enum@PxConvexMeshCookingResult@2@XZ 0000000180022650 f   QuickHullConvexHullLib.obj
 0001:00021a60       ?fillConvexMeshDesc@QuickHullConvexHullLib@physx@@UEAAXAEAVPxConvexMeshDesc@2@@Z 0000000180022a60 f   QuickHullConvexHullLib.obj
 0001:00021ab0       ?fillConvexMeshDescFromCroppedHull@QuickHullConvexHullLib@physx@@IEAAXAEAVPxConvexMeshDesc@2@@Z 0000000180022ab0 f   QuickHullConvexHullLib.obj
 0001:00021cb0       ?fillConvexMeshDescFromQuickHull@QuickHullConvexHullLib@physx@@IEAAXAEAVPxConvexMeshDesc@2@@Z 0000000180022cb0 f   QuickHullConvexHullLib.obj
 0001:00022020       ?findSimplex@QuickHull@local@@IEAA_NXZ 0000000180023020 f   QuickHullConvexHullLib.obj
 0001:00022be0       ?getFreeItem@?$MemBlock@UQuickHullFace@local@@$00@local@@QEAAPEAUQuickHullFace@2@XZ 0000000180023be0 f i QuickHullConvexHullLib.obj
 0001:00022d10       ?getFreeItem@?$MemBlock@UQuickHullHalfEdge@local@@$0A@@local@@QEAAPEAUQuickHullHalfEdge@2@XZ 0000000180023d10 f i QuickHullConvexHullLib.obj
 0001:00022df0       ?growAndPushBack@?$Array@PEAUQuickHullFace@local@@V?$ReflectionAllocator@PEAUQuickHullFace@local@@@shdfnd@physx@@@shdfnd@physx@@IEAAAEAPEAUQuickHullFace@local@@AEBQEAU45@@Z 0000000180023df0 f i QuickHullConvexHullLib.obj
 0001:00022ed0       ?growAndPushBack@?$Array@PEAUQuickHullHalfEdge@local@@V?$ReflectionAllocator@PEAUQuickHullHalfEdge@local@@@shdfnd@physx@@@shdfnd@physx@@IEAAAEAPEAUQuickHullHalfEdge@local@@AEBQEAU45@@Z 0000000180023ed0 f i QuickHullConvexHullLib.obj
 0001:00022fb0       ?growAndPushBack@?$Array@PEAUQuickHullVertex@local@@V?$ReflectionAllocator@PEAUQuickHullVertex@local@@@shdfnd@physx@@@shdfnd@physx@@IEAAAEAPEAUQuickHullVertex@local@@AEBQEAU45@@Z 0000000180023fb0 f i QuickHullConvexHullLib.obj
 0001:00023090       ?growAndPushBack@?$Array@UExpandPoint@local@@V?$ReflectionAllocator@UExpandPoint@local@@@shdfnd@physx@@@shdfnd@physx@@IEAAAEAUExpandPoint@local@@AEBU45@@Z 0000000180024090 f i QuickHullConvexHullLib.obj
 0001:00023190       ?init@?$MemBlock@UQuickHullFace@local@@$00@local@@QEAAXI@Z 0000000180024190 f i QuickHullConvexHullLib.obj
 0001:00023290       ?init@?$MemBlock@UQuickHullHalfEdge@local@@$0A@@local@@QEAAXI@Z 0000000180024290 f i QuickHullConvexHullLib.obj
 0001:00023330       ?mergeAdjacentFace@QuickHullFace@local@@QEAA_NPEAUQuickHullHalfEdge@2@AEAV?$Array@PEAUQuickHullFace@local@@V?$ReflectionAllocator@PEAUQuickHullFace@local@@@shdfnd@physx@@@shdfnd@physx@@@Z 0000000180024330 f   QuickHullConvexHullLib.obj
 0001:000237a0       ?nextPointToAdd@QuickHull@local@@IEAAPEAUQuickHullVertex@2@AEAPEAUQuickHullFace@2@@Z 00000001800247a0 f   QuickHullConvexHullLib.obj
 0001:000238f0       ?parseInputVertices@QuickHull@local@@QEAAXPEBVPxVec3@physx@@I@Z 00000001800248f0 f   QuickHullConvexHullLib.obj
 0001:00023a50       ?postMergeHull@QuickHull@local@@IEAAXXZ 0000000180024a50 f   QuickHullConvexHullLib.obj
 0001:00023bc0       ?preallocate@QuickHull@local@@QEAAXI@Z 0000000180024bc0 f   QuickHullConvexHullLib.obj
 0001:00023d00       ?recreate@?$Array@PEAUQuickHullFace@local@@V?$ReflectionAllocator@PEAUQuickHullFace@local@@@shdfnd@physx@@@shdfnd@physx@@IEAAXI@Z 0000000180024d00 f i QuickHullConvexHullLib.obj
 0001:00023db0       ?recreate@?$Array@PEAUQuickHullHalfEdge@local@@V?$ReflectionAllocator@PEAUQuickHullHalfEdge@local@@@shdfnd@physx@@@shdfnd@physx@@IEAAXI@Z 0000000180024db0 f i QuickHullConvexHullLib.obj
 0001:00023e60       ?recreate@?$Array@PEAUQuickHullVertex@local@@V?$ReflectionAllocator@PEAUQuickHullVertex@local@@@shdfnd@physx@@@shdfnd@physx@@IEAAXI@Z 0000000180024e60 f i QuickHullConvexHullLib.obj
 0001:00023f10       ?recreate@?$Array@UExpandPoint@local@@V?$ReflectionAllocator@UExpandPoint@local@@@shdfnd@physx@@@shdfnd@physx@@IEAAXI@Z 0000000180024f10 f i QuickHullConvexHullLib.obj
 0001:00023fa0       ?reset@?$MemBlock@UQuickHullFace@local@@$00@local@@QEAAXXZ 0000000180024fa0 f i QuickHullConvexHullLib.obj
 0001:00024010       ?reset@?$MemBlock@UQuickHullHalfEdge@local@@$0A@@local@@QEAAXXZ 0000000180025010 f i QuickHullConvexHullLib.obj
 0001:00024080       ?resolveUnclaimedPoints@QuickHull@local@@IEAAXAEBV?$Array@PEAUQuickHullFace@local@@V?$ReflectionAllocator@PEAUQuickHullFace@local@@@shdfnd@physx@@@shdfnd@physx@@@Z 0000000180025080 f   QuickHullConvexHullLib.obj
 0001:000242e0       ?setPrecomputedMinMax@QuickHull@local@@QEAAXPEBUQuickHullVertex@2@0MM@Z 00000001800252e0 f   QuickHullConvexHullLib.obj
 0001:00025090       ?computeVolumeIntegralsEberly@physx@@YA_NAEBVPxConvexMeshDesc@1@MAEAUPxIntegrals@1@AEBVPxVec3@1@@Z 0000000180026090 f   VolumeIntegration.obj
 0001:000250d0       ?computeVolumeIntegralsEberlySIMD@physx@@YA_NAEBVPxConvexMeshDesc@1@MAEAUPxIntegrals@1@AEBVPxVec3@1@@Z 00000001800260d0 f   VolumeIntegration.obj
 0001:00025830       ?cookingDelayHook@@YAP6A_JXZIPEAUDelayLoadInfo@@@Z 0000000180026830 f   WindowsCookingDelayLoadHook.obj
 0001:00025880       ?physXCommonDliNotePreLoadLibrary@Cm@physx@@YAP6A_JXZPEBDPEBVPxDelayLoadHook@2@@Z 0000000180026880 f i WindowsCookingDelayLoadHook.obj
 0001:00025910       PxSetPhysXCookingDelayLoadHook 0000000180026910 f   WindowsCookingDelayLoadHook.obj
 0001:00025918       __imp_load_??0RadixSortBuffered@Cm@physx@@QEAA@XZ 0000000180026918 f   PhysXCommon_64:PhysXCommon_64.dll
 0001:00025924       __tailMerge_PhysXCommon_64_dll 0000000180026924 f i PhysXCommon_64:PhysXCommon_64.dll
 0001:0002599d       ??0RadixSortBuffered@Cm@physx@@QEAA@XZ 000000018002699d f   PhysXCommon_64:PhysXCommon_64.dll
 0001:000259a3       __imp_load_??1RadixSortBuffered@Cm@physx@@UEAA@XZ 00000001800269a3 f   PhysXCommon_64:PhysXCommon_64.dll
 0001:000259af       ??1RadixSortBuffered@Cm@physx@@UEAA@XZ 00000001800269af f   PhysXCommon_64:PhysXCommon_64.dll
 0001:000259b5       __imp_load_?Sort@RadixSortBuffered@Cm@physx@@QEAAAEAV123@PEBIIW4RadixHint@23@@Z 00000001800269b5 f   PhysXCommon_64:PhysXCommon_64.dll
 0001:000259c1       ?Sort@RadixSortBuffered@Cm@physx@@QEAAAEAV123@PEBIIW4RadixHint@23@@Z 00000001800269c1 f   PhysXCommon_64:PhysXCommon_64.dll
 0001:000259c7       __imp_load_??0HeightField@Gu@physx@@QEAA@PEAVGuMeshFactory@2@@Z 00000001800269c7 f   PhysXCommon_64:PhysXCommon_64.dll
 0001:000259d3       ??0HeightField@Gu@physx@@QEAA@PEAVGuMeshFactory@2@@Z 00000001800269d3 f   PhysXCommon_64:PhysXCommon_64.dll
 0001:000259d9       __imp_load_?loadFromDesc@HeightField@Gu@physx@@QEAA_NAEBVPxHeightFieldDesc@3@@Z 00000001800269d9 f   PhysXCommon_64:PhysXCommon_64.dll
 0001:000259e5       ?loadFromDesc@HeightField@Gu@physx@@QEAA_NAEBVPxHeightFieldDesc@3@@Z 00000001800269e5 f   PhysXCommon_64:PhysXCommon_64.dll
 0001:000259eb       __imp_load_?computeCellCoordinates@HeightField@Gu@physx@@QEBAIMMAEAM0@Z 00000001800269eb f   PhysXCommon_64:PhysXCommon_64.dll
 0001:000259f7       ?computeCellCoordinates@HeightField@Gu@physx@@QEBAIMMAEAM0@Z 00000001800269f7 f   PhysXCommon_64:PhysXCommon_64.dll
 0001:000259fd       __imp_load_?releaseMemory@HeightField@Gu@physx@@QEAAXXZ 00000001800269fd f   PhysXCommon_64:PhysXCommon_64.dll
 0001:00025a09       ?releaseMemory@HeightField@Gu@physx@@QEAAXXZ 0000000180026a09 f   PhysXCommon_64:PhysXCommon_64.dll
 0001:00025a0f       __imp_load_??1HeightField@Gu@physx@@UEAA@XZ 0000000180026a0f f   PhysXCommon_64:PhysXCommon_64.dll
 0001:00025a1b       ??1HeightField@Gu@physx@@UEAA@XZ 0000000180026a1b f   PhysXCommon_64:PhysXCommon_64.dll
 0001:00025a21       __imp_load_??0NodeAllocator@Gu@physx@@QEAA@XZ 0000000180026a21 f   PhysXCommon_64:PhysXCommon_64.dll
 0001:00025a2d       ??0NodeAllocator@Gu@physx@@QEAA@XZ 0000000180026a2d f   PhysXCommon_64:PhysXCommon_64.dll
 0001:00025a33       __imp_load_??1NodeAllocator@Gu@physx@@QEAA@XZ 0000000180026a33 f   PhysXCommon_64:PhysXCommon_64.dll
 0001:00025a3f       ??1NodeAllocator@Gu@physx@@QEAA@XZ 0000000180026a3f f   PhysXCommon_64:PhysXCommon_64.dll
 0001:00025a45       __imp_load_?release@NodeAllocator@Gu@physx@@QEAAXXZ 0000000180026a45 f   PhysXCommon_64:PhysXCommon_64.dll
 0001:00025a51       ?release@NodeAllocator@Gu@physx@@QEAAXXZ 0000000180026a51 f   PhysXCommon_64:PhysXCommon_64.dll
 0001:00025a57       __imp_load_?buildAABBTree@Gu@physx@@YA_NAEAVAABBTreeBuildParams@12@AEAVNodeAllocator@12@AEAUBuildStats@12@AEAPEAI@Z 0000000180026a57 f   PhysXCommon_64:PhysXCommon_64.dll
 0001:00025a63       ?buildAABBTree@Gu@physx@@YA_NAEAVAABBTreeBuildParams@12@AEAVNodeAllocator@12@AEAUBuildStats@12@AEAPEAI@Z 0000000180026a63 f   PhysXCommon_64:PhysXCommon_64.dll
 0001:00025a69       __imp_load_?writeDword@physx@@YAXI_NAEAVPxOutputStream@1@@Z 0000000180026a69 f   PhysXCommon_64:PhysXCommon_64.dll
 0001:00025a75       ?writeDword@physx@@YAXI_NAEAVPxOutputStream@1@@Z 0000000180026a75 f   PhysXCommon_64:PhysXCommon_64.dll
 0001:00025a7b       __imp_load_?writeFloatBuffer@physx@@YAXPEBMI_NAEAVPxOutputStream@1@@Z 0000000180026a7b f   PhysXCommon_64:PhysXCommon_64.dll
 0001:00025a87       ?writeFloatBuffer@physx@@YAXPEBMI_NAEAVPxOutputStream@1@@Z 0000000180026a87 f   PhysXCommon_64:PhysXCommon_64.dll
 0001:00025a8d       __imp_load_?writeHeader@physx@@YA_NCCCCI_NAEAVPxOutputStream@1@@Z 0000000180026a8d f   PhysXCommon_64:PhysXCommon_64.dll
 0001:00025a99       ?writeHeader@physx@@YA_NCCCCI_NAEAVPxOutputStream@1@@Z 0000000180026a99 f   PhysXCommon_64:PhysXCommon_64.dll
 0001:00025a9f       __imp_load_?writeWord@physx@@YAXG_NAEAVPxOutputStream@1@@Z 0000000180026a9f f   PhysXCommon_64:PhysXCommon_64.dll
 0001:00025aab       ?writeWord@physx@@YAXG_NAEAVPxOutputStream@1@@Z 0000000180026aab f   PhysXCommon_64:PhysXCommon_64.dll
 0001:00025ab1       __imp_load_?writeFloat@physx@@YAXM_NAEAVPxOutputStream@1@@Z 0000000180026ab1 f   PhysXCommon_64:PhysXCommon_64.dll
 0001:00025abd       ?writeFloat@physx@@YAXM_NAEAVPxOutputStream@1@@Z 0000000180026abd f   PhysXCommon_64:PhysXCommon_64.dll
 0001:00025ac3       __imp_load_?computeBoundsAroundVertices@Gu@physx@@YAXAEAVPxBounds3@2@IPEIBVPxVec3@2@@Z 0000000180026ac3 f   PhysXCommon_64:PhysXCommon_64.dll
 0001:00025acf       ?computeBoundsAroundVertices@Gu@physx@@YAXAEAVPxBounds3@2@IPEIBVPxVec3@2@@Z 0000000180026acf f   PhysXCommon_64:PhysXCommon_64.dll
 0001:00025ad5       __imp_load_??0SourceMesh@Gu@physx@@QEAA@XZ 0000000180026ad5 f   PhysXCommon_64:PhysXCommon_64.dll
 0001:00025ae1       ??0SourceMesh@Gu@physx@@QEAA@XZ 0000000180026ae1 f   PhysXCommon_64:PhysXCommon_64.dll
 0001:00025ae7       __imp_load_??1SourceMesh@Gu@physx@@QEAA@XZ 0000000180026ae7 f   PhysXCommon_64:PhysXCommon_64.dll
 0001:00025af3       ??1SourceMesh@Gu@physx@@QEAA@XZ 0000000180026af3 f   PhysXCommon_64:PhysXCommon_64.dll
 0001:00025af9       __imp_load_??0BV4Tree@Gu@physx@@QEAA@XZ 0000000180026af9 f   PhysXCommon_64:PhysXCommon_64.dll
 0001:00025b05       ??0BV4Tree@Gu@physx@@QEAA@XZ 0000000180026b05 f   PhysXCommon_64:PhysXCommon_64.dll
 0001:00025b0b       __imp_load_??1BV4Tree@Gu@physx@@QEAA@XZ 0000000180026b0b f   PhysXCommon_64:PhysXCommon_64.dll
 0001:00025b17       ??1BV4Tree@Gu@physx@@QEAA@XZ 0000000180026b17 f   PhysXCommon_64:PhysXCommon_64.dll
 0001:00025b1d       __imp_load_??0BV32Tree@Gu@physx@@QEAA@XZ 0000000180026b1d f   PhysXCommon_64:PhysXCommon_64.dll
 0001:00025b29       ??0BV32Tree@Gu@physx@@QEAA@XZ 0000000180026b29 f   PhysXCommon_64:PhysXCommon_64.dll
 0001:00025b2f       __imp_load_??1BV32Tree@Gu@physx@@QEAA@XZ 0000000180026b2f f   PhysXCommon_64:PhysXCommon_64.dll
 0001:00025b3b       ??1BV32Tree@Gu@physx@@QEAA@XZ 0000000180026b3b f   PhysXCommon_64:PhysXCommon_64.dll
 0001:00025b41       __imp_load_?writeWordBuffer@physx@@YAXPEBGI_NAEAVPxOutputStream@1@@Z 0000000180026b41 f   PhysXCommon_64:PhysXCommon_64.dll
 0001:00025b4d       ?writeWordBuffer@physx@@YAXPEBGI_NAEAVPxOutputStream@1@@Z 0000000180026b4d f   PhysXCommon_64:PhysXCommon_64.dll
 0001:00025b53       __imp_load_?computeMaxIndex@physx@@YAIPEBII@Z 0000000180026b53 f   PhysXCommon_64:PhysXCommon_64.dll
 0001:00025b5f       ?computeMaxIndex@physx@@YAIPEBII@Z 0000000180026b5f f   PhysXCommon_64:PhysXCommon_64.dll
 0001:00025b65       __imp_load_?storeIndices@physx@@YAXIIPEBIAEAVPxOutputStream@1@_N@Z 0000000180026b65 f   PhysXCommon_64:PhysXCommon_64.dll
 0001:00025b71       ?storeIndices@physx@@YAXIIPEBIAEAVPxOutputStream@1@_N@Z 0000000180026b71 f   PhysXCommon_64:PhysXCommon_64.dll
 0001:00025b77       __imp_load_?BuildBV4Ex@Gu@physx@@YA_NAEAVBV4Tree@12@AEAVSourceMesh@12@MI@Z 0000000180026b77 f   PhysXCommon_64:PhysXCommon_64.dll
 0001:00025b83       ?BuildBV4Ex@Gu@physx@@YA_NAEAVBV4Tree@12@AEAVSourceMesh@12@MI@Z 0000000180026b83 f   PhysXCommon_64:PhysXCommon_64.dll
 0001:00025b89       __imp_load_?BuildBV32Ex@Gu@physx@@YA_NAEAVBV32Tree@12@AEAVSourceMesh@12@MI@Z 0000000180026b89 f   PhysXCommon_64:PhysXCommon_64.dll
 0001:00025b95       ?BuildBV32Ex@Gu@physx@@YA_NAEAVBV32Tree@12@AEAVSourceMesh@12@MI@Z 0000000180026b95 f   PhysXCommon_64:PhysXCommon_64.dll
 0001:00025b9b       __imp_load_?computeMaxIndex@physx@@YAGPEBGI@Z 0000000180026b9b f   PhysXCommon_64:PhysXCommon_64.dll
 0001:00025ba7       ?computeMaxIndex@physx@@YAGPEBGI@Z 0000000180026ba7 f   PhysXCommon_64:PhysXCommon_64.dll
 0001:00025bad       __imp_load_?WriteHeader@Gu@physx@@YA_NEEEEI_NAEAVPxOutputStream@2@@Z 0000000180026bad f   PhysXCommon_64:PhysXCommon_64.dll
 0001:00025bb9       ?WriteHeader@Gu@physx@@YA_NEEEEI_NAEAVPxOutputStream@2@@Z 0000000180026bb9 f   PhysXCommon_64:PhysXCommon_64.dll
 0001:00025bbf       __imp_load_?StoreIndices@Gu@physx@@YAXGIPEBGAEAVPxOutputStream@2@_N@Z 0000000180026bbf f   PhysXCommon_64:PhysXCommon_64.dll
 0001:00025bcb       ?StoreIndices@Gu@physx@@YAXGIPEBGAEAVPxOutputStream@2@_N@Z 0000000180026bcb f   PhysXCommon_64:PhysXCommon_64.dll
 0001:00025bd1       __imp_load_?CreateOffsets@BigConvexData@physx@@IEAAXXZ 0000000180026bd1 f   PhysXCommon_64:PhysXCommon_64.dll
 0001:00025bdd       ?CreateOffsets@BigConvexData@physx@@IEAAXXZ 0000000180026bdd f   PhysXCommon_64:PhysXCommon_64.dll
 0001:00025be3       __imp_load_?computeOBBPoints@Gu@physx@@YAXPEIAVPxVec3@2@AEBV32@1111@Z 0000000180026be3 f   PhysXCommon_64:PhysXCommon_64.dll
 0001:00025bef       ?computeOBBPoints@Gu@physx@@YAXPEIAVPxVec3@2@AEBV32@1111@Z 0000000180026bef f   PhysXCommon_64:PhysXCommon_64.dll
 0001:00025bf5       __imp_load_??0BigConvexData@physx@@QEAA@XZ 0000000180026bf5 f   PhysXCommon_64:PhysXCommon_64.dll
 0001:00025c01       ??0BigConvexData@physx@@QEAA@XZ 0000000180026c01 f   PhysXCommon_64:PhysXCommon_64.dll
 0001:00025c07       __imp_load_??1BigConvexData@physx@@QEAA@XZ 0000000180026c07 f   PhysXCommon_64:PhysXCommon_64.dll
 0001:00025c13       ??1BigConvexData@physx@@QEAA@XZ 0000000180026c13 f   PhysXCommon_64:PhysXCommon_64.dll
 0001:00025c19       __imp_load_PxGetFoundation 0000000180026c19 f   PhysXFoundation_64:PhysXFoundation_64.dll
 0001:00025c25       __tailMerge_PhysXFoundation_64_dll 0000000180026c25 f i PhysXFoundation_64:PhysXFoundation_64.dll
 0001:00025c9e       PxGetFoundation            0000000180026c9e f   PhysXFoundation_64:PhysXFoundation_64.dll
 0001:00025ca4       __imp_load_?getAllocator@shdfnd@physx@@YAAEAVPxAllocatorCallback@2@XZ 0000000180026ca4 f   PhysXFoundation_64:PhysXFoundation_64.dll
 0001:00025cb0       ?getAllocator@shdfnd@physx@@YAAEAVPxAllocatorCallback@2@XZ 0000000180026cb0 f   PhysXFoundation_64:PhysXFoundation_64.dll
 0001:00025cb6       __imp_load_?getInstance@Foundation@shdfnd@physx@@SAAEAV123@XZ 0000000180026cb6 f   PhysXFoundation_64:PhysXFoundation_64.dll
 0001:00025cc2       ?getInstance@Foundation@shdfnd@physx@@SAAEAV123@XZ 0000000180026cc2 f   PhysXFoundation_64:PhysXFoundation_64.dll
 0001:00025cc8       __imp_load_?error@Foundation@shdfnd@physx@@QEAAXW4Enum@PxErrorCode@3@PEBDH1ZZ 0000000180026cc8 f   PhysXFoundation_64:PhysXFoundation_64.dll
 0001:00025cd4       ?error@Foundation@shdfnd@physx@@QEAAXW4Enum@PxErrorCode@3@PEBDH1ZZ 0000000180026cd4 f   PhysXFoundation_64:PhysXFoundation_64.dll
 0001:00025cda       __imp_load_?incRefCount@Foundation@shdfnd@physx@@SAXXZ 0000000180026cda f   PhysXFoundation_64:PhysXFoundation_64.dll
 0001:00025ce6       ?incRefCount@Foundation@shdfnd@physx@@SAXXZ 0000000180026ce6 f   PhysXFoundation_64:PhysXFoundation_64.dll
 0001:00025cec       __imp_load_?decRefCount@Foundation@shdfnd@physx@@SAXXZ 0000000180026cec f   PhysXFoundation_64:PhysXFoundation_64.dll
 0001:00025cf8       ?decRefCount@Foundation@shdfnd@physx@@SAXXZ 0000000180026cf8 f   PhysXFoundation_64:PhysXFoundation_64.dll
 0001:00025cfe       __imp_load_??0FPUGuard@shdfnd@physx@@QEAA@XZ 0000000180026cfe f   PhysXFoundation_64:PhysXFoundation_64.dll
 0001:00025d0a       ??0FPUGuard@shdfnd@physx@@QEAA@XZ 0000000180026d0a f   PhysXFoundation_64:PhysXFoundation_64.dll
 0001:00025d10       __imp_load_??1FPUGuard@shdfnd@physx@@QEAA@XZ 0000000180026d10 f   PhysXFoundation_64:PhysXFoundation_64.dll
 0001:00025d1c       ??1FPUGuard@shdfnd@physx@@QEAA@XZ 0000000180026d1c f   PhysXFoundation_64:PhysXFoundation_64.dll
 0001:00025d22       __imp_load_?allocate@TempAllocator@shdfnd@physx@@QEAAPEAX_KPEBDH@Z 0000000180026d22 f   PhysXFoundation_64:PhysXFoundation_64.dll
 0001:00025d2e       ?allocate@TempAllocator@shdfnd@physx@@QEAAPEAX_KPEBDH@Z 0000000180026d2e f   PhysXFoundation_64:PhysXFoundation_64.dll
 0001:00025d34       __imp_load_?deallocate@TempAllocator@shdfnd@physx@@QEAAXPEAX@Z 0000000180026d34 f   PhysXFoundation_64:PhysXFoundation_64.dll
 0001:00025d40       ?deallocate@TempAllocator@shdfnd@physx@@QEAAXPEAX@Z 0000000180026d40 f   PhysXFoundation_64:PhysXFoundation_64.dll
 0001:00025d46       __imp_load_?PxDiagonalize@physx@@YA?AVPxVec3@1@AEBVPxMat33@1@AEAVPxQuat@1@@Z 0000000180026d46 f   PhysXFoundation_64:PhysXFoundation_64.dll
 0001:00025d52       ?PxDiagonalize@physx@@YA?AVPxVec3@1@AEBVPxMat33@1@AEAVPxQuat@1@@Z 0000000180026d52 f   PhysXFoundation_64:PhysXFoundation_64.dll
 0001:00025d58       ?DloadAcquireSectionWriteAccess@@YAXXZ 0000000180026d58 f i Delayimp:delayhlp.obj
 0001:00025e14       ?DloadGetSRWLockFunctionPointers@@YAEXZ 0000000180026e14 f i Delayimp:delayhlp.obj
 0001:00025eb0       ?DloadMakePermanentImageCommit@@YAXPEAX_K@Z 0000000180026eb0 f i Delayimp:delayhlp.obj
 0001:00025f48       ?DloadObtainSection@@YAPEAXPEAK0@Z 0000000180026f48 f i Delayimp:delayhlp.obj
 0001:00025fe0       ?DloadProtectSection@@YAXKPEAK@Z 0000000180026fe0 f i Delayimp:delayhlp.obj
 0001:00026070       ?DloadReleaseSectionWriteAccess@@YAXXZ 0000000180027070 f i Delayimp:delayhlp.obj
 0001:00026114       __delayLoadHelper2         0000000180027114 f   Delayimp:delayhlp.obj
 0001:00026410       ??_V@YAXPEAX@Z             0000000180027410 f   MSVCRT:delete_array.obj
 0001:00026410       ??3@YAXPEAX_K@Z            0000000180027410 f   MSVCRT:delete_scalar_size.obj
 0001:00026418       ?__scrt_initialize_type_info@@YAXXZ 0000000180027418 f   MSVCRT:tncleanup.obj
 0001:00026428       ?__scrt_uninitialize_type_info@@YAXXZ 0000000180027428 f   MSVCRT:tncleanup.obj
 0001:00026434       ??_Gtype_info@@UEAAPEAXI@Z 0000000180027434 f i MSVCRT:std_type_info_static.obj
 0001:00026434       ??_Etype_info@@UEAAPEAXI@Z 0000000180027434 f i MSVCRT:std_type_info_static.obj
 0001:00026470       __chkstk                   0000000180027470 f   MSVCRT:_chkstk_.obj
 0001:00026470       _alloca_probe              0000000180027470 f   MSVCRT:_chkstk_.obj
 0001:000264c4       ??3@YAXPEAX@Z              00000001800274c4 f   MSVCRT:delete_scalar.obj
 0001:00026818       _DllMainCRTStartup         0000000180027818 f   MSVCRT:dll_dllmain.obj
 0001:00026858       __scrt_acquire_startup_lock 0000000180027858 f   MSVCRT:utility.obj
 0001:00026894       __scrt_dllmain_after_initialize_c 0000000180027894 f   MSVCRT:utility.obj
 0001:000268c8       __scrt_dllmain_before_initialize_c 00000001800278c8 f   MSVCRT:utility.obj
 0001:000268e0       __scrt_dllmain_crt_thread_attach 00000001800278e0 f   MSVCRT:utility.obj
 0001:00026908       __scrt_dllmain_crt_thread_detach 0000000180027908 f   MSVCRT:utility.obj
 0001:00026920       __scrt_dllmain_exception_filter 0000000180027920 f   MSVCRT:utility.obj
 0001:00026984       __scrt_dllmain_uninitialize_c 0000000180027984 f   MSVCRT:utility.obj
 0001:000269b4       __scrt_dllmain_uninitialize_critical 00000001800279b4 f   MSVCRT:utility.obj
 0001:000269c8       __scrt_initialize_crt      00000001800279c8 f   MSVCRT:utility.obj
 0001:00026a14       __scrt_initialize_onexit_tables 0000000180027a14 f   MSVCRT:utility.obj
 0001:00026ae0       __scrt_is_nonwritable_in_current_image 0000000180027ae0 f   MSVCRT:utility.obj
 0001:00026b7c       __scrt_release_startup_lock 0000000180027b7c f   MSVCRT:utility.obj
 0001:00026ba0       __scrt_uninitialize_crt    0000000180027ba0 f   MSVCRT:utility.obj
 0001:00026bcc       _onexit                    0000000180027bcc f   MSVCRT:utility.obj
 0001:00026c1c       atexit                     0000000180027c1c f   MSVCRT:utility.obj
 0001:00026c34       __security_init_cookie     0000000180027c34 f   MSVCRT:gs_support.obj
 0001:00026ce0       DllMain                    0000000180027ce0 f   MSVCRT:dll_dllmain_stub.obj
 0001:00026d04       __local_stdio_printf_options 0000000180027d04 f i MSVCRT:default_local_stdio_options.obj
 0001:00026d0c       __local_stdio_scanf_options 0000000180027d0c f i MSVCRT:default_local_stdio_options.obj
 0001:00026d14       __scrt_initialize_default_local_stdio_options 0000000180027d14 f   MSVCRT:default_local_stdio_options.obj
 0001:00026d30       __scrt_get_dyn_tls_init_callback 0000000180027d30 f   MSVCRT:dyn_tls_init.obj
 0001:00026d38       __scrt_fastfail            0000000180027d38 f   MSVCRT:utility_desktop.obj
 0001:00026e80       _RTC_Initialize            0000000180027e80 f   MSVCRT:_initsect_.obj
 0001:00026ecc       _RTC_Terminate             0000000180027ecc f   MSVCRT:_initsect_.obj
 0001:00026f18       _guard_check_icall         0000000180027f18 f i MSVCRT:checkcfg.obj
 0001:00026f20       __isa_available_init       0000000180027f20 f   MSVCRT:_cpu_disp_.obj
 0001:000270f0       ?getMidphaseID@BV4TriangleMeshBuilder@physx@@UEBA?AW4Enum@PxMeshMidPhase@2@XZ 00000001800280f0 f   TriangleMeshBuilder.obj
 0001:000270f0       _get_startup_argv_mode     00000001800280f0 f   MSVCRT:argv_mode.obj
 0001:000270f8       __scrt_is_ucrt_dll_in_use  00000001800280f8 f   MSVCRT:ucrt_detection.obj
 0001:00027104       _purecall                  0000000180028104 f   vcruntime:VCRUNTIME140.dll
 0001:0002710a       memset                     000000018002810a f   vcruntime:VCRUNTIME140.dll
 0001:00027110       memcpy                     0000000180028110 f   vcruntime:VCRUNTIME140.dll
 0001:00027116       __std_type_info_destroy_list 0000000180028116 f   vcruntime:VCRUNTIME140.dll
 0001:0002711c       __C_specific_handler       000000018002811c f   vcruntime:VCRUNTIME140.dll
 0001:00027122       strcmp                     0000000180028122 f   ucrt:api-ms-win-crt-string-l1-1-0.dll
 0001:00027128       atan2f                     0000000180028128 f   ucrt:api-ms-win-crt-math-l1-1-0.dll
 0001:0002712e       powf                       000000018002812e f   ucrt:api-ms-win-crt-math-l1-1-0.dll
 0001:00027134       cosf                       0000000180028134 f   ucrt:api-ms-win-crt-math-l1-1-0.dll
 0001:0002713a       sinf                       000000018002813a f   ucrt:api-ms-win-crt-math-l1-1-0.dll
 0001:00027140       free                       0000000180028140 f   ucrt:api-ms-win-crt-heap-l1-1-0.dll
 0001:00027146       _initterm                  0000000180028146 f   ucrt:api-ms-win-crt-runtime-l1-1-0.dll
 0001:0002714c       _initterm_e                000000018002814c f   ucrt:api-ms-win-crt-runtime-l1-1-0.dll
 0001:00027152       _seh_filter_dll            0000000180028152 f   ucrt:api-ms-win-crt-runtime-l1-1-0.dll
 0001:00027158       _configure_narrow_argv     0000000180028158 f   ucrt:api-ms-win-crt-runtime-l1-1-0.dll
 0001:0002715e       _initialize_narrow_environment 000000018002815e f   ucrt:api-ms-win-crt-runtime-l1-1-0.dll
 0001:00027164       _initialize_onexit_table   0000000180028164 f   ucrt:api-ms-win-crt-runtime-l1-1-0.dll
 0001:0002716a       _register_onexit_function  000000018002816a f   ucrt:api-ms-win-crt-runtime-l1-1-0.dll
 0001:00027170       _execute_onexit_table      0000000180028170 f   ucrt:api-ms-win-crt-runtime-l1-1-0.dll
 0001:00027176       _crt_atexit                0000000180028176 f   ucrt:api-ms-win-crt-runtime-l1-1-0.dll
 0001:0002717c       _cexit                     000000018002817c f   ucrt:api-ms-win-crt-runtime-l1-1-0.dll
 0001:00027182       IsProcessorFeaturePresent  0000000180028182 f   kernel32:KERNEL32.dll
 0001:00027188       __vcrt_initialize          0000000180028188 f   MSVCRT:ucrt_stubs.obj
 0001:00027188       __vcrt_uninitialize        0000000180028188 f   MSVCRT:ucrt_stubs.obj
 0001:00027188       __acrt_thread_attach       0000000180028188 f   MSVCRT:ucrt_stubs.obj
 0001:00027188       __scrt_stub_for_acrt_thread_detach 0000000180028188 f   MSVCRT:ucrt_stubs.obj
 0001:00027188       __scrt_stub_for_acrt_initialize 0000000180028188 f   MSVCRT:ucrt_stubs.obj
 0001:00027188       __acrt_uninitialize_critical 0000000180028188 f   MSVCRT:ucrt_stubs.obj
 0001:00027188       __acrt_uninitialize        0000000180028188 f   MSVCRT:ucrt_stubs.obj
 0001:00027188       __scrt_stub_for_acrt_uninitialize 0000000180028188 f   MSVCRT:ucrt_stubs.obj
 0001:00027188       __vcrt_uninitialize_critical 0000000180028188 f   MSVCRT:ucrt_stubs.obj
 0001:00027188       __vcrt_thread_detach       0000000180028188 f   MSVCRT:ucrt_stubs.obj
 0001:00027188       __acrt_initialize          0000000180028188 f   MSVCRT:ucrt_stubs.obj
 0001:00027188       __acrt_thread_detach       0000000180028188 f   MSVCRT:ucrt_stubs.obj
 0001:00027188       __scrt_stub_for_acrt_thread_attach 0000000180028188 f   MSVCRT:ucrt_stubs.obj
 0001:00027188       __scrt_stub_for_acrt_uninitialize_critical 0000000180028188 f   MSVCRT:ucrt_stubs.obj
 0001:00027188       __vcrt_thread_attach       0000000180028188 f   MSVCRT:ucrt_stubs.obj
 0001:000271a0       _guard_dispatch_icall_nop  00000001800281a0 f   MSVCRT:_guard_dispatch_.obj
 0002:00000000       __imp_LoadLibraryA         0000000180029000     kernel32:KERNEL32.dll
 0002:00000008       __imp_SetUnhandledExceptionFilter 0000000180029008     kernel32:KERNEL32.dll
 0002:00000010       __imp_UnhandledExceptionFilter 0000000180029010     kernel32:KERNEL32.dll
 0002:00000018       __imp_IsDebuggerPresent    0000000180029018     kernel32:KERNEL32.dll
 0002:00000020       __imp_RtlVirtualUnwind     0000000180029020     kernel32:KERNEL32.dll
 0002:00000028       __imp_RtlLookupFunctionEntry 0000000180029028     kernel32:KERNEL32.dll
 0002:00000030       __imp_RtlCaptureContext    0000000180029030     kernel32:KERNEL32.dll
 0002:00000038       __imp_DisableThreadLibraryCalls 0000000180029038     kernel32:KERNEL32.dll
 0002:00000040       __imp_GetSystemTimeAsFileTime 0000000180029040     kernel32:KERNEL32.dll
[...]
 0004:00001884       $pdata$?buildHull@QuickHull@local@@QEAA?AW4Enum@QuickHullResult@2@XZ 0000000180034884     QuickHullConvexHullLib.obj
 0004:00001890       $pdata$?calculateHorizon@QuickHull@local@@IEAAXAEBVPxVec3@physx@@PEAUQuickHullHalfEdge@2@AEAUQuickHullFace@2@AEAV?$Array@PEAUQuickHullHalfEdge@local@@V?$ReflectionAllocator@PEAUQuickHullHalfEdge@local@@@shdfnd@physx@@@shdfnd@4@AEAV?$Array@PEAUQuickHullFace@local@@V?$ReflectionAllocator@PEAUQuickHullFace@local@@@shdfnd@physx@@@84@@Z 0000000180034890     QuickHullConvexHullLib.obj
 0004:0000189c       $pdata$?canMergeFaces@QuickHull@local@@IEAA_NAEBUQuickHullHalfEdge@2@@Z 000000018003489c     QuickHullConvexHullLib.obj
 0004:000018a8       $pdata$?cleanupForSimplex@QuickHullConvexHullLib@physx@@IEAA_NPEAVPxVec3@2@IPEAUQuickHullVertex@local@@1AEAM2@Z 00000001800348a8     QuickHullConvexHullLib.obj
 0004:000018b4       $pdata$0$?cleanupForSimplex@QuickHullConvexHullLib@physx@@IEAA_NPEAVPxVec3@2@IPEAUQuickHullVertex@local@@1AEAM2@Z 00000001800348b4     QuickHullConvexHullLib.obj
 0004:000018c0       $pdata$8$?cleanupForSimplex@QuickHullConvexHullLib@physx@@IEAA_NPEAVPxVec3@2@IPEAUQuickHullVertex@local@@1AEAM2@Z 00000001800348c0     QuickHullConvexHullLib.obj
 0004:000018cc       $pdata$9$?cleanupForSimplex@QuickHullConvexHullLib@physx@@IEAA_NPEAVPxVec3@2@IPEAUQuickHullVertex@local@@1AEAM2@Z 00000001800348cc     QuickHullConvexHullLib.obj
 0004:000018d8       $pdata$10$?cleanupForSimplex@QuickHullConvexHullLib@physx@@IEAA_NPEAVPxVec3@2@IPEAUQuickHullVertex@local@@1AEAM2@Z 00000001800348d8     QuickHullConvexHullLib.obj
 0004:000018e4       $pdata$11$?cleanupForSimplex@QuickHullConvexHullLib@physx@@IEAA_NPEAVPxVec3@2@IPEAUQuickHullVertex@local@@1AEAM2@Z 00000001800348e4     QuickHullConvexHullLib.obj
 0004:000018f0       $pdata$12$?cleanupForSimplex@QuickHullConvexHullLib@physx@@IEAA_NPEAVPxVec3@2@IPEAUQuickHullVertex@local@@1AEAM2@Z 00000001800348f0     QuickHullConvexHullLib.obj
 0004:000018fc       $pdata$?computeMinMaxVerts@QuickHull@local@@IEAAXXZ 00000001800348fc     QuickHullConvexHullLib.obj
 0004:00001908       $pdata$?connectHalfEdges@QuickHullFace@local@@AEAAPEAU12@PEAUQuickHullHalfEdge@2@0@Z 0000000180034908     QuickHullConvexHullLib.obj
 0004:00001914       $pdata$4$?connectHalfEdges@QuickHullFace@local@@AEAAPEAU12@PEAUQuickHullHalfEdge@2@0@Z 0000000180034914     QuickHullConvexHullLib.obj
 0004:00001920       $pdata$5$?connectHalfEdges@QuickHullFace@local@@AEAAPEAU12@PEAUQuickHullHalfEdge@2@0@Z 0000000180034920     QuickHullConvexHullLib.obj
 0004:0000192c       $pdata$6$?connectHalfEdges@QuickHullFace@local@@AEAAPEAU12@PEAUQuickHullHalfEdge@2@0@Z 000000018003492c     QuickHullConvexHullLib.obj
 0004:00001938       $pdata$7$?connectHalfEdges@QuickHullFace@local@@AEAAPEAU12@PEAUQuickHullHalfEdge@2@0@Z 0000000180034938     QuickHullConvexHullLib.obj
 0004:00001944       $pdata$?createConvexHull@QuickHullConvexHullLib@physx@@UEAA?AW4Enum@PxConvexMeshCookingResult@2@XZ 0000000180034944     QuickHullConvexHullLib.obj
 0004:00001950       $pdata$?createEdgeList@QuickHullConvexHullLib@physx@@UEAA_NIPEBEPEAPEAEPEAPEAG2@Z 0000000180034950     QuickHullConvexHullLib.obj
 0004:0000195c       $pdata$?createTriangle@QuickHull@local@@IEAAPEAUQuickHullFace@2@AEBUQuickHullVertex@2@00@Z 000000018003495c     QuickHullConvexHullLib.obj
 0004:00001968       $pdata$?deleteFacePoints@QuickHull@local@@IEAAXAEAUQuickHullFace@2@PEAU32@@Z 0000000180034968     QuickHullConvexHullLib.obj
 0004:00001974       $pdata$0$?deleteFacePoints@QuickHull@local@@IEAAXAEAUQuickHullFace@2@PEAU32@@Z 0000000180034974     QuickHullConvexHullLib.obj
 0004:00001980       $pdata$1$?deleteFacePoints@QuickHull@local@@IEAAXAEAUQuickHullFace@2@PEAU32@@Z 0000000180034980     QuickHullConvexHullLib.obj
 0004:0000198c       $pdata$?doAdjacentMerge@QuickHull@local@@IEAA_NAEAUQuickHullFace@2@_NAEA_N@Z 000000018003498c     QuickHullConvexHullLib.obj
 0004:00001998       $pdata$1$?doAdjacentMerge@QuickHull@local@@IEAA_NAEAUQuickHullFace@2@_NAEA_N@Z 0000000180034998     QuickHullConvexHullLib.obj
 0004:000019a4       $pdata$?expandHull@QuickHullConvexHullLib@physx@@IEAA?AW4Enum@PxConvexMeshCookingResult@2@XZ 00000001800349a4     QuickHullConvexHullLib.obj
 0004:000019b0       $pdata$?expandHullOBB@QuickHullConvexHullLib@physx@@IEAA?AW4Enum@PxConvexMeshCookingResult@2@XZ 00000001800349b0     QuickHullConvexHullLib.obj
 0004:000019bc       $pdata$4$?expandHullOBB@QuickHullConvexHullLib@physx@@IEAA?AW4Enum@PxConvexMeshCookingResult@2@XZ 00000001800349bc     QuickHullConvexHullLib.obj
 0004:000019c8       $pdata$5$?expandHullOBB@QuickHullConvexHullLib@physx@@IEAA?AW4Enum@PxConvexMeshCookingResult@2@XZ 00000001800349c8     QuickHullConvexHullLib.obj
 0004:000019d4       $pdata$6$?expandHullOBB@QuickHullConvexHullLib@physx@@IEAA?AW4Enum@PxConvexMeshCookingResult@2@XZ 00000001800349d4     QuickHullConvexHullLib.obj
 0004:000019e0       $pdata$7$?expandHullOBB@QuickHullConvexHullLib@physx@@IEAA?AW4Enum@PxConvexMeshCookingResult@2@XZ 00000001800349e0     QuickHullConvexHullLib.obj
 0004:000019ec       $pdata$?fillConvexMeshDesc@QuickHullConvexHullLib@physx@@UEAAXAEAVPxConvexMeshDesc@2@@Z 00000001800349ec     QuickHullConvexHullLib.obj
 0004:000019f8       $pdata$?fillConvexMeshDescFromCroppedHull@QuickHullConvexHullLib@physx@@IEAAXAEAVPxConvexMeshDesc@2@@Z 00000001800349f8     QuickHullConvexHullLib.obj
 0004:00001a04       $pdata$?fillConvexMeshDescFromQuickHull@QuickHullConvexHullLib@physx@@IEAAXAEAVPxConvexMeshDesc@2@@Z 0000000180034a04     QuickHullConvexHullLib.obj
 0004:00001a10       $pdata$?findSimplex@QuickHull@local@@IEAA_NXZ 0000000180034a10     QuickHullConvexHullLib.obj
 0004:00001a1c       $pdata$7$?findSimplex@QuickHull@local@@IEAA_NXZ 0000000180034a1c     QuickHullConvexHullLib.obj
 0004:00001a28       $pdata$11$?findSimplex@QuickHull@local@@IEAA_NXZ 0000000180034a28     QuickHullConvexHullLib.obj
 0004:00001a34       $pdata$12$?findSimplex@QuickHull@local@@IEAA_NXZ 0000000180034a34     QuickHullConvexHullLib.obj
 0004:00001a40       $pdata$13$?findSimplex@QuickHull@local@@IEAA_NXZ 0000000180034a40     QuickHullConvexHullLib.obj
 0004:00001a4c       $pdata$14$?findSimplex@QuickHull@local@@IEAA_NXZ 0000000180034a4c     QuickHullConvexHullLib.obj
 0004:00001a58       $pdata$?getFreeItem@?$MemBlock@UQuickHullFace@local@@$00@local@@QEAAPEAUQuickHullFace@2@XZ 0000000180034a58     QuickHullConvexHullLib.obj
 0004:00001a64       $pdata$?getFreeItem@?$MemBlock@UQuickHullHalfEdge@local@@$0A@@local@@QEAAPEAUQuickHullHalfEdge@2@XZ 0000000180034a64     QuickHullConvexHullLib.obj
 0004:00001a70       $pdata$?growAndPushBack@?$Array@PEAUQuickHullFace@local@@V?$ReflectionAllocator@PEAUQuickHullFace@local@@@shdfnd@physx@@@shdfnd@physx@@IEAAAEAPEAUQuickHullFace@local@@AEBQEAU45@@Z 0000000180034a70     QuickHullConvexHullLib.obj
 0004:00001a7c       $pdata$?growAndPushBack@?$Array@PEAUQuickHullHalfEdge@local@@V?$ReflectionAllocator@PEAUQuickHullHalfEdge@local@@@shdfnd@physx@@@shdfnd@physx@@IEAAAEAPEAUQuickHullHalfEdge@local@@AEBQEAU45@@Z 0000000180034a7c     QuickHullConvexHullLib.obj
 0004:00001a88       $pdata$?growAndPushBack@?$Array@PEAUQuickHullVertex@local@@V?$ReflectionAllocator@PEAUQuickHullVertex@local@@@shdfnd@physx@@@shdfnd@physx@@IEAAAEAPEAUQuickHullVertex@local@@AEBQEAU45@@Z 0000000180034a88     QuickHullConvexHullLib.obj
 0004:00001a94       $pdata$?growAndPushBack@?$Array@UExpandPoint@local@@V?$ReflectionAllocator@UExpandPoint@local@@@shdfnd@physx@@@shdfnd@physx@@IEAAAEAUExpandPoint@local@@AEBU45@@Z 0000000180034a94     QuickHullConvexHullLib.obj
 0004:00001aa0       $pdata$?init@?$MemBlock@UQuickHullFace@local@@$00@local@@QEAAXI@Z 0000000180034aa0     QuickHullConvexHullLib.obj
 0004:00001aac       $pdata$?init@?$MemBlock@UQuickHullHalfEdge@local@@$0A@@local@@QEAAXI@Z 0000000180034aac     QuickHullConvexHullLib.obj
 0004:00001ab8       $pdata$?mergeAdjacentFace@QuickHullFace@local@@QEAA_NPEAUQuickHullHalfEdge@2@AEAV?$Array@PEAUQuickHullFace@local@@V?$ReflectionAllocator@PEAUQuickHullFace@local@@@shdfnd@physx@@@shdfnd@physx@@@Z 0000000180034ab8     QuickHullConvexHullLib.obj
 0004:00001ac4       $pdata$3$?mergeAdjacentFace@QuickHullFace@local@@QEAA_NPEAUQuickHullHalfEdge@2@AEAV?$Array@PEAUQuickHullFace@local@@V?$ReflectionAllocator@PEAUQuickHullFace@local@@@shdfnd@physx@@@shdfnd@physx@@@Z 0000000180034ac4     QuickHullConvexHullLib.obj
 0004:00001ad0       $pdata$4$?mergeAdjacentFace@QuickHullFace@local@@QEAA_NPEAUQuickHullHalfEdge@2@AEAV?$Array@PEAUQuickHullFace@local@@V?$ReflectionAllocator@PEAUQuickHullFace@local@@@shdfnd@physx@@@shdfnd@physx@@@Z 0000000180034ad0     QuickHullConvexHullLib.obj
 0004:00001adc       $pdata$5$?mergeAdjacentFace@QuickHullFace@local@@QEAA_NPEAUQuickHullHalfEdge@2@AEAV?$Array@PEAUQuickHullFace@local@@V?$ReflectionAllocator@PEAUQuickHullFace@local@@@shdfnd@physx@@@shdfnd@physx@@@Z 0000000180034adc     QuickHullConvexHullLib.obj
 0004:00001ae8       $pdata$6$?mergeAdjacentFace@QuickHullFace@local@@QEAA_NPEAUQuickHullHalfEdge@2@AEAV?$Array@PEAUQuickHullFace@local@@V?$ReflectionAllocator@PEAUQuickHullFace@local@@@shdfnd@physx@@@shdfnd@physx@@@Z 0000000180034ae8     QuickHullConvexHullLib.obj
 0004:00001af4       $pdata$7$?mergeAdjacentFace@QuickHullFace@local@@QEAA_NPEAUQuickHullHalfEdge@2@AEAV?$Array@PEAUQuickHullFace@local@@V?$ReflectionAllocator@PEAUQuickHullFace@local@@@shdfnd@physx@@@shdfnd@physx@@@Z 0000000180034af4     QuickHullConvexHullLib.obj
 0004:00001b00       $pdata$?nextPointToAdd@QuickHull@local@@IEAAPEAUQuickHullVertex@2@AEAPEAUQuickHullFace@2@@Z 0000000180034b00     QuickHullConvexHullLib.obj
 0004:00001b0c       $pdata$?parseInputVertices@QuickHull@local@@QEAAXPEBVPxVec3@physx@@I@Z 0000000180034b0c     QuickHullConvexHullLib.obj
 0004:00001b18       $pdata$0$?parseInputVertices@QuickHull@local@@QEAAXPEBVPxVec3@physx@@I@Z 0000000180034b18     QuickHullConvexHullLib.obj
 0004:00001b24       $pdata$1$?parseInputVertices@QuickHull@local@@QEAAXPEBVPxVec3@physx@@I@Z 0000000180034b24     QuickHullConvexHullLib.obj
 0004:00001b30       $pdata$?postMergeHull@QuickHull@local@@IEAAXXZ 0000000180034b30     QuickHullConvexHullLib.obj
 0004:00001b3c       $pdata$4$?postMergeHull@QuickHull@local@@IEAAXXZ 0000000180034b3c     QuickHullConvexHullLib.obj
 0004:00001b48       $pdata$5$?postMergeHull@QuickHull@local@@IEAAXXZ 0000000180034b48     QuickHullConvexHullLib.obj
 0004:00001b54       $pdata$6$?postMergeHull@QuickHull@local@@IEAAXXZ 0000000180034b54     QuickHullConvexHullLib.obj
 0004:00001b60       $pdata$?preallocate@QuickHull@local@@QEAAXI@Z 0000000180034b60     QuickHullConvexHullLib.obj
 0004:00001b6c       $pdata$?recreate@?$Array@PEAUQuickHullFace@local@@V?$ReflectionAllocator@PEAUQuickHullFace@local@@@shdfnd@physx@@@shdfnd@physx@@IEAAXI@Z 0000000180034b6c     QuickHullConvexHullLib.obj
 0004:00001b78       $pdata$?recreate@?$Array@PEAUQuickHullHalfEdge@local@@V?$ReflectionAllocator@PEAUQuickHullHalfEdge@local@@@shdfnd@physx@@@shdfnd@physx@@IEAAXI@Z 0000000180034b78     QuickHullConvexHullLib.obj
 0004:00001b84       $pdata$?recreate@?$Array@PEAUQuickHullVertex@local@@V?$ReflectionAllocator@PEAUQuickHullVertex@local@@@shdfnd@physx@@@shdfnd@physx@@IEAAXI@Z 0000000180034b84     QuickHullConvexHullLib.obj
 0004:00001b90       $pdata$?recreate@?$Array@UExpandPoint@local@@V?$ReflectionAllocator@UExpandPoint@local@@@shdfnd@physx@@@shdfnd@physx@@IEAAXI@Z 0000000180034b90     QuickHullConvexHullLib.obj
 0004:00001b9c       $pdata$?reset@?$MemBlock@UQuickHullFace@local@@$00@local@@QEAAXXZ 0000000180034b9c     QuickHullConvexHullLib.obj
 0004:00001ba8       $pdata$0$?reset@?$MemBlock@UQuickHullFace@local@@$00@local@@QEAAXXZ 0000000180034ba8     QuickHullConvexHullLib.obj
 0004:00001bb4       $pdata$1$?reset@?$MemBlock@UQuickHullFace@local@@$00@local@@QEAAXXZ 0000000180034bb4     QuickHullConvexHullLib.obj
 0004:00001bc0       $pdata$?reset@?$MemBlock@UQuickHullHalfEdge@local@@$0A@@local@@QEAAXXZ 0000000180034bc0     QuickHullConvexHullLib.obj
 0004:00001bcc       $pdata$0$?reset@?$MemBlock@UQuickHullHalfEdge@local@@$0A@@local@@QEAAXXZ 0000000180034bcc     QuickHullConvexHullLib.obj
 0004:00001bd8       $pdata$1$?reset@?$MemBlock@UQuickHullHalfEdge@local@@$0A@@local@@QEAAXXZ 0000000180034bd8     QuickHullConvexHullLib.obj
 0004:00001be4       $pdata$?resolveUnclaimedPoints@QuickHull@local@@IEAAXAEBV?$Array@PEAUQuickHullFace@local@@V?$ReflectionAllocator@PEAUQuickHullFace@local@@@shdfnd@physx@@@shdfnd@physx@@@Z 0000000180034be4     QuickHullConvexHullLib.obj
 0004:00001bf0       $pdata$?threePlaneIntersection@local@@YA?AVPxVec3@physx@@AEBVPxPlane@3@00@Z 0000000180034bf0     QuickHullConvexHullLib.obj
 0004:00001bfc       $pdata$?computeVolumeIntegrals@VolumeIntegratorEberly@?A0x21532df2@physx@@QEAA_NAEAUPxIntegrals@3@AEBVPxVec3@3@@Z 0000000180034bfc     VolumeIntegration.obj
 0004:00001c08       $pdata$0$?computeVolumeIntegrals@VolumeIntegratorEberly@?A0x21532df2@physx@@QEAA_NAEAUPxIntegrals@3@AEBVPxVec3@3@@Z 0000000180034c08     VolumeIntegration.obj
 0004:00001c14       $pdata$6$?computeVolumeIntegrals@VolumeIntegratorEberly@?A0x21532df2@physx@@QEAA_NAEAUPxIntegrals@3@AEBVPxVec3@3@@Z 0000000180034c14     VolumeIntegration.obj
 0004:00001c20       $pdata$7$?computeVolumeIntegrals@VolumeIntegratorEberly@?A0x21532df2@physx@@QEAA_NAEAUPxIntegrals@3@AEBVPxVec3@3@@Z 0000000180034c20     VolumeIntegration.obj
 0004:00001c2c       $pdata$8$?computeVolumeIntegrals@VolumeIntegratorEberly@?A0x21532df2@physx@@QEAA_NAEAUPxIntegrals@3@AEBVPxVec3@3@@Z 0000000180034c2c     VolumeIntegration.obj
 0004:00001c38       $pdata$?computeVolumeIntegralsEberly@physx@@YA_NAEBVPxConvexMeshDesc@1@MAEAUPxIntegrals@1@AEBVPxVec3@1@@Z 0000000180034c38     VolumeIntegration.obj
 0004:00001c44       $pdata$?computeVolumeIntegralsEberlySIMD@physx@@YA_NAEBVPxConvexMeshDesc@1@MAEAUPxIntegrals@1@AEBVPxVec3@1@@Z 0000000180034c44     VolumeIntegration.obj
 0004:00001c50       $pdata$?computeVolumeIntegralsSIMD@VolumeIntegratorEberly@?A0x21532df2@physx@@QEAA_NAEAUPxIntegrals@3@AEBVPxVec3@3@@Z 0000000180034c50     VolumeIntegration.obj
 0004:00001c5c       $pdata$0$?computeVolumeIntegralsSIMD@VolumeIntegratorEberly@?A0x21532df2@physx@@QEAA_NAEAUPxIntegrals@3@AEBVPxVec3@3@@Z 0000000180034c5c     VolumeIntegration.obj
 0004:00001c68       $pdata$2$?computeVolumeIntegralsSIMD@VolumeIntegratorEberly@?A0x21532df2@physx@@QEAA_NAEAUPxIntegrals@3@AEBVPxVec3@3@@Z 0000000180034c68     VolumeIntegration.obj
 0004:00001c74       $pdata$3$?computeVolumeIntegralsSIMD@VolumeIntegratorEberly@?A0x21532df2@physx@@QEAA_NAEAUPxIntegrals@3@AEBVPxVec3@3@@Z 0000000180034c74     VolumeIntegration.obj
 0004:00001c80       $pdata$4$?computeVolumeIntegralsSIMD@VolumeIntegratorEberly@?A0x21532df2@physx@@QEAA_NAEAUPxIntegrals@3@AEBVPxVec3@3@@Z 0000000180034c80     VolumeIntegration.obj
 0004:00001c8c       $pdata$?physXCommonDliNotePreLoadLibrary@Cm@physx@@YAP6A_JXZPEBDPEBVPxDelayLoadHook@2@@Z 0000000180034c8c     WindowsCookingDelayLoadHook.obj
 0004:00001cb0       $pdata$?DloadAcquireSectionWriteAccess@@YAXXZ 0000000180034cb0     Delayimp:delayhlp.obj
 0004:00001cbc       $pdata$?DloadGetSRWLockFunctionPointers@@YAEXZ 0000000180034cbc     Delayimp:delayhlp.obj
 0004:00001cc8       $pdata$?DloadMakePermanentImageCommit@@YAXPEAX_K@Z 0000000180034cc8     Delayimp:delayhlp.obj
 0004:00001cd4       $pdata$?DloadObtainSection@@YAPEAXPEAK0@Z 0000000180034cd4     Delayimp:delayhlp.obj
 0004:00001ce0       $pdata$?DloadProtectSection@@YAXKPEAK@Z 0000000180034ce0     Delayimp:delayhlp.obj
 0004:00001cec       $pdata$?DloadReleaseSectionWriteAccess@@YAXXZ 0000000180034cec     Delayimp:delayhlp.obj
 0004:00001cf8       $pdata$__delayLoadHelper2  0000000180034cf8     Delayimp:delayhlp.obj
 0004:00001d04       $pdata$??_Gtype_info@@UEAAPEAXI@Z 0000000180034d04     MSVCRT:std_type_info_static.obj
 0004:00001d1c       $pdata$?dllmain_crt_dispatch@@YAHQEAUHINSTANCE__@@KQEAX@Z 0000000180034d1c     MSVCRT:dll_dllmain.obj
 0004:00001d28       $pdata$?dllmain_crt_process_attach@@YAHQEAUHINSTANCE__@@QEAX@Z 0000000180034d28     MSVCRT:dll_dllmain.obj
 0004:00001d34       $pdata$?dllmain_crt_process_detach@@YAH_N@Z 0000000180034d34     MSVCRT:dll_dllmain.obj
 0004:00001d40       $pdata$?dllmain_dispatch@@YAHQEAUHINSTANCE__@@KQEAX@Z 0000000180034d40     MSVCRT:dll_dllmain.obj
 0004:00001d4c       $pdata$?dllmain_raw@@YAHQEAUHINSTANCE__@@KQEAX@Z 0000000180034d4c     MSVCRT:dll_dllmain.obj
 0004:00001d58       $pdata$_DllMainCRTStartup  0000000180034d58     MSVCRT:dll_dllmain.obj
 0004:00001d64       $pdata$__scrt_acquire_startup_lock 0000000180034d64     MSVCRT:utility.obj
 0004:00001d70       $pdata$__scrt_dllmain_after_initialize_c 0000000180034d70     MSVCRT:utility.obj
 0004:00001d7c       $pdata$__scrt_dllmain_before_initialize_c 0000000180034d7c     MSVCRT:utility.obj
 0004:00001d88       $pdata$__scrt_dllmain_crt_thread_attach 0000000180034d88     MSVCRT:utility.obj
 0004:00001d94       $pdata$__scrt_dllmain_crt_thread_detach 0000000180034d94     MSVCRT:utility.obj
 0004:00001da0       $pdata$__scrt_dllmain_exception_filter 0000000180034da0     MSVCRT:utility.obj
 0004:00001dac       $pdata$__scrt_dllmain_uninitialize_c 0000000180034dac     MSVCRT:utility.obj
 0004:00001db8       $pdata$__scrt_dllmain_uninitialize_critical 0000000180034db8     MSVCRT:utility.obj
 0004:00001dc4       $pdata$__scrt_initialize_crt 0000000180034dc4     MSVCRT:utility.obj
 0004:00001dd0       $pdata$__scrt_initialize_onexit_tables 0000000180034dd0     MSVCRT:utility.obj
 0004:00001ddc       $pdata$__scrt_is_nonwritable_in_current_image 0000000180034ddc     MSVCRT:utility.obj
 0004:00001de8       $pdata$__scrt_release_startup_lock 0000000180034de8     MSVCRT:utility.obj
 0004:00001df4       $pdata$__scrt_uninitialize_crt 0000000180034df4     MSVCRT:utility.obj
 0004:00001e00       $pdata$_onexit             0000000180034e00     MSVCRT:utility.obj
 0004:00001e0c       $pdata$atexit              0000000180034e0c     MSVCRT:utility.obj
 0004:00001e18       $pdata$__security_init_cookie 0000000180034e18     MSVCRT:gs_support.obj
 0004:00001e24       $pdata$DllMain             0000000180034e24     MSVCRT:dll_dllmain_stub.obj
 0004:00001e30       $pdata$__scrt_initialize_default_local_stdio_options 0000000180034e30     MSVCRT:default_local_stdio_options.obj
 0004:00001e3c       $pdata$__scrt_fastfail     0000000180034e3c     MSVCRT:utility_desktop.obj
 0004:00001e48       $pdata$_RTC_Initialize     0000000180034e48     MSVCRT:_initsect_.obj
 0004:00001e54       $pdata$_RTC_Terminate      0000000180034e54     MSVCRT:_initsect_.obj
 0004:00001e60       $pdata$__isa_available_init 0000000180034e60     MSVCRT:_cpu_disp_.obj
 0004:00001e78       $pdata$?fin$0@?0??dllmain_crt_process_attach@@YAHQEAUHINSTANCE__@@QEAX@Z@4HA 0000000180034e78     MSVCRT:dll_dllmain.obj
 0004:00001e84       $pdata$?fin$0@?0??dllmain_crt_process_detach@@YAH_N@Z@4HA 0000000180034e84     MSVCRT:dll_dllmain.obj
 0004:00001e90       $pdata$?filt$0@?0??dllmain_dispatch@@YAHQEAUHINSTANCE__@@KQEAX@Z@4HA 0000000180034e90     MSVCRT:dll_dllmain.obj
 0004:00001e9c       $pdata$__scrt_is_nonwritable_in_current_image$filt$0 0000000180034e9c     MSVCRT:utility.obj
 0005:00000000       __guard_fids__             0000000180035000     MSVCRT:std_type_info_static.obj
 0005:00000004       __guard_fids_?dllmain_crt_process_attach@@YAHQEAUHINSTANCE__@@QEAX@Z 0000000180035004     MSVCRT:dll_dllmain.obj
 0005:0000000c       __guard_fids_?dllmain_dispatch@@YAHQEAUHINSTANCE__@@KQEAX@Z 000000018003500c     MSVCRT:dll_dllmain.obj
 0005:00000010       __guard_fids__             0000000180035010     MSVCRT:guard_support.obj
 0006:000000a0       $R000000                   00000001800360a0     PhysXCooking.res
 0006:000003d0       $R000330                   00000001800363d0     PhysXCooking.res
